[
  {
    "tags": {},
    "flags": 0,
    "cramFlags": 3,
    "sequenceId": 0,
    "readLength": 10,
    "alignmentStart": 1,
    "readGroupId": -1,
    "readName": "s0",
    "templateSize": 0,
    "lengthOnRef": 10,
    "mappingQuality": 0,
    "qualityScores": [
      9,
      9,
      9,
      9,
      9,
      9,
      9,
      9,
      9,
      9
    ],
    "uniqueId": 0
  },
  {
    "tags": {
      "MD": "9",
      "NM": 0
    },
    "flags": 0,
    "cramFlags": 3,
    "sequenceId": 0,
    "readLength": 10,
    "alignmentStart": 2,
    "readGroupId": -1,
    "readName": "s1",
    "templateSize": 0,
    "readFeatures": [
      {
        "code": "B",
        "data": [
          "C",
          9
        ],
        "pos": 10,
        "refPos": 11
      }
    ],
    "lengthOnRef": 10,
    "mappingQuality": 0,
    "qualityScores": [
      9,
      9,
      9,
      9,
      9,
      9,
      9,
      9,
      9,
      9
    ],
    "uniqueId": 1
  },
  {
    "tags": {
      "MD": "8",
      "NM": 0
    },
    "flags": 0,
    "cramFlags": 3,
    "sequenceId": 0,
    "readLength": 10,
    "alignmentStart": 3,
    "readGroupId": -1,
    "readName": "s2",
    "templateSize": 0,
    "readFeatures": [
      {
        "code": "B",
        "data": [
          "C",
          9
        ],
        "pos": 9,
        "refPos": 11
      },
      {
        "code": "B",
        "data": [
          "G",
          9
        ],
        "pos": 10,
        "refPos": 12
      }
    ],
    "lengthOnRef": 10,
    "mappingQuality": 0,
    "qualityScores": [
      9,
      9,
      9,
      9,
      9,
      9,
      9,
      9,
      9,
      9
    ],
    "uniqueId": 2
  }
]