[
  {
    "tags": {},
    "flags": 0,
    "cramFlags": 3,
    "sequenceId": 0,
    "readLength": 10,
    "alignmentStart": 1,
    "readGroupId": -1,
    "readName": "s0a",
    "templateSize": 0,
    "lengthOnRef": 10,
    "mappingQuality": 0,
    "qualityScores": [
      9,
      9,
      9,
      9,
      9,
      9,
      9,
      9,
      9,
      9
    ],
    "uniqueId": 0
  },
  {
    "tags": {},
    "flags": 0,
    "cramFlags": 3,
    "sequenceId": 0,
    "readLength": 6,
    "alignmentStart": 1,
    "readGroupId": -1,
    "readName": "s0A",
    "templateSize": 0,
    "readFeatures": [
      {
        "code": "N",
        "data": 4,
        "pos": 4,
        "refPos": 4
      }
    ],
    "lengthOnRef": 10,
    "mappingQuality": 0,
    "qualityScores": [
      9,
      9,
      9,
      9,
      9,
      9
    ],
    "uniqueId": 1
  },
  {
    "tags": {},
    "flags": 0,
    "cramFlags": 3,
    "sequenceId": 0,
    "readLength": 10,
    "alignmentStart": 2,
    "readGroupId": -1,
    "readName": "s0b",
    "templateSize": 0,
    "readFeatures": [
      {
        "code": "S",
        "data": "A",
        "pos": 1,
        "refPos": 2
      },
      {
        "code": "S",
        "data": "T",
        "pos": 10,
        "refPos": 10
      }
    ],
    "lengthOnRef": 8,
    "mappingQuality": 0,
    "qualityScores": [
      9,
      9,
      9,
      9,
      9,
      9,
      9,
      9,
      9,
      9
    ],
    "uniqueId": 2
  },
  {
    "tags": {},
    "flags": 0,
    "cramFlags": 3,
    "sequenceId": 0,
    "readLength": 8,
    "alignmentStart": 2,
    "readGroupId": -1,
    "readName": "s0B",
    "templateSize": 0,
    "readFeatures": [
      {
        "code": "H",
        "data": 1,
        "pos": 1,
        "refPos": 2
      },
      {
        "code": "H",
        "data": 1,
        "pos": 9,
        "refPos": 9
      }
    ],
    "lengthOnRef": 6,
    "mappingQuality": 0,
    "qualityScores": [
      9,
      9,
      9,
      9,
      9,
      9,
      9,
      9
    ],
    "uniqueId": 3
  },
  {
    "tags": {},
    "flags": 0,
    "cramFlags": 3,
    "sequenceId": 0,
    "readLength": 10,
    "alignmentStart": 3,
    "readGroupId": -1,
    "readName": "s0c",
    "templateSize": 0,
    "readFeatures": [
      {
        "code": "S",
        "data": "AA",
        "pos": 1,
        "refPos": 3
      },
      {
        "code": "S",
        "data": "TT",
        "pos": 9,
        "refPos": 9
      }
    ],
    "lengthOnRef": 6,
    "mappingQuality": 0,
    "qualityScores": [
      9,
      9,
      9,
      9,
      9,
      9,
      9,
      9,
      9,
      9
    ],
    "uniqueId": 4
  },
  {
    "tags": {},
    "flags": 0,
    "cramFlags": 3,
    "sequenceId": 0,
    "readLength": 12,
    "alignmentStart": 3,
    "readGroupId": -1,
    "readName": "s0c",
    "templateSize": 0,
    "readFeatures": [
      {
        "code": "S",
        "data": "AA",
        "pos": 1,
        "refPos": 3
      },
      {
        "code": "I",
        "data": "NN",
        "pos": 6,
        "refPos": 6
      },
      {
        "code": "S",
        "data": "TT",
        "pos": 11,
        "refPos": 9
      }
    ],
    "lengthOnRef": 6,
    "mappingQuality": 0,
    "qualityScores": [
      9,
      9,
      9,
      9,
      9,
      9,
      9,
      9,
      9,
      9,
      9,
      9
    ],
    "uniqueId": 5
  },
  {
    "tags": {},
    "flags": 0,
    "cramFlags": 3,
    "sequenceId": 0,
    "readLength": 6,
    "alignmentStart": 3,
    "readGroupId": -1,
    "readName": "s0C",
    "templateSize": 0,
    "readFeatures": [
      {
        "code": "H",
        "data": 2,
        "pos": 1,
        "refPos": 3
      },
      {
        "code": "H",
        "data": 2,
        "pos": 7,
        "refPos": 7
      }
    ],
    "lengthOnRef": 2,
    "mappingQuality": 0,
    "qualityScores": [
      9,
      9,
      9,
      9,
      9,
      9
    ],
    "uniqueId": 6
  }
]