[
  {
    "tags": {},
    "flags": 0,
    "cramFlags": 3,
    "sequenceId": 0,
    "readLength": 10,
    "alignmentStart": 1,
    "readGroupId": -1,
    "readName": "sq1",
    "templateSize": 0,
    "lengthOnRef": 10,
    "mappingQuality": 0,
    "qualityScores": [
      9,
      9,
      9,
      9,
      9,
      9,
      9,
      9,
      9,
      9
    ],
    "uniqueId": 0
  },
  {
    "tags": {},
    "flags": 0,
    "cramFlags": 3,
    "sequenceId": 0,
    "readLength": 10,
    "alignmentStart": 1,
    "readGroupId": -1,
    "readName": "sQ1",
    "templateSize": 0,
    "lengthOnRef": 10,
    "mappingQuality": 0,
    "qualityScores": [
      255,
      255,
      255,
      255,
      255,
      255,
      255,
      255,
      255,
      255
    ],
    "uniqueId": 1
  },
  {
    "tags": {},
    "flags": 0,
    "cramFlags": 3,
    "sequenceId": 0,
    "readLength": 10,
    "alignmentStart": 1,
    "readGroupId": -1,
    "readName": "SQ1",
    "templateSize": 0,
    "lengthOnRef": 10,
    "mappingQuality": 0,
    "qualityScores": [
      255,
      255,
      255,
      255,
      255,
      255,
      255,
      255,
      255,
      255
    ],
    "uniqueId": 2
  },
  {
    "tags": {},
    "flags": 0,
    "cramFlags": 3,
    "sequenceId": 0,
    "readLength": 9,
    "alignmentStart": 1,
    "readGroupId": -1,
    "readName": "sq2",
    "templateSize": 0,
    "readFeatures": [
      {
        "code": "D",
        "data": 1,
        "pos": 5,
        "refPos": 5
      }
    ],
    "lengthOnRef": 10,
    "mappingQuality": 0,
    "qualityScores": [
      9,
      9,
      9,
      9,
      9,
      9,
      9,
      9,
      9
    ],
    "uniqueId": 3
  },
  {
    "tags": {},
    "flags": 0,
    "cramFlags": 3,
    "sequenceId": 0,
    "readLength": 9,
    "alignmentStart": 1,
    "readGroupId": -1,
    "readName": "sQ2",
    "templateSize": 0,
    "readFeatures": [
      {
        "code": "D",
        "data": 1,
        "pos": 5,
        "refPos": 5
      }
    ],
    "lengthOnRef": 10,
    "mappingQuality": 0,
    "qualityScores": [
      255,
      255,
      255,
      255,
      255,
      255,
      255,
      255,
      255
    ],
    "uniqueId": 4
  },
  {
    "tags": {},
    "flags": 0,
    "cramFlags": 3,
    "sequenceId": 0,
    "readLength": 9,
    "alignmentStart": 1,
    "readGroupId": -1,
    "readName": "SQ2",
    "templateSize": 0,
    "readFeatures": [
      {
        "code": "D",
        "data": 1,
        "pos": 5,
        "refPos": 5
      }
    ],
    "lengthOnRef": 10,
    "mappingQuality": 0,
    "qualityScores": [
      255,
      255,
      255,
      255,
      255,
      255,
      255,
      255,
      255
    ],
    "uniqueId": 5
  }
]