[
  {
    "tags": {},
    "flags": 0,
    "cramFlags": 3,
    "sequenceId": 0,
    "readLength": 10,
    "alignmentStart": 1,
    "readGroupId": -1,
    "readName": "s0a",
    "templateSize": 0,
    "mappingQuality": 0,
    "qualityScores": [
      255,
      255,
      255,
      255,
      255,
      255,
      255,
      255,
      255,
      255
    ],
    "uniqueId": 0
  },
  {
    "tags": {},
    "flags": 0,
    "cramFlags": 3,
    "sequenceId": 0,
    "readLength": 10,
    "alignmentStart": 1,
    "readGroupId": -1,
    "readName": "s0b",
    "templateSize": 0,
    "mappingQuality": 0,
    "qualityScores": [
      255,
      255,
      255,
      255,
      255,
      255,
      255,
      255,
      255,
      255
    ],
    "uniqueId": 1
  },
  {
    "tags": {},
    "flags": 0,
    "cramFlags": 3,
    "sequenceId": 0,
    "readLength": 10,
    "alignmentStart": 1,
    "readGroupId": -1,
    "readName": "s0c",
    "templateSize": 0,
    "mappingQuality": 0,
    "qualityScores": [
      255,
      255,
      255,
      255,
      255,
      255,
      255,
      255,
      255,
      255
    ],
    "uniqueId": 2
  },
  {
    "tags": {},
    "flags": 0,
    "cramFlags": 3,
    "sequenceId": 0,
    "readLength": 10,
    "alignmentStart": 1,
    "readGroupId": -1,
    "readName": "s0d",
    "templateSize": 0,
    "mappingQuality": 0,
    "qualityScores": [
      255,
      255,
      255,
      255,
      255,
      255,
      255,
      255,
      255,
      255
    ],
    "uniqueId": 3
  },
  {
    "tags": {},
    "flags": 0,
    "cramFlags": 3,
    "sequenceId": 0,
    "readLength": 16,
    "alignmentStart": 1,
    "readGroupId": -1,
    "readName": "s1",
    "templateSize": 0,
    "readFeatures": [
      {
        "code": "I",
        "pos": 6,
        "data": "GTTAAC"
      }
    ],
    "mappingQuality": 0,
    "qualityScores": [
      255,
      255,
      255,
      255,
      255,
      255,
      255,
      255,
      255,
      255,
      255,
      255,
      255,
      255,
      255,
      255
    ],
    "uniqueId": 4
  },
  {
    "tags": {},
    "flags": 0,
    "cramFlags": 3,
    "sequenceId": 0,
    "readLength": 14,
    "alignmentStart": 1,
    "readGroupId": -1,
    "readName": "s2",
    "templateSize": 0,
    "readFeatures": [
      {
        "code": "P",
        "pos": 6,
        "data": 1
      },
      {
        "code": "I",
        "pos": 6,
        "data": "TTAA"
      },
      {
        "code": "P",
        "pos": 10,
        "data": 1
      }
    ],
    "mappingQuality": 0,
    "qualityScores": [
      255,
      255,
      255,
      255,
      255,
      255,
      255,
      255,
      255,
      255,
      255,
      255,
      255,
      255
    ],
    "uniqueId": 5
  },
  {
    "tags": {},
    "flags": 0,
    "cramFlags": 3,
    "sequenceId": 0,
    "readLength": 13,
    "alignmentStart": 1,
    "readGroupId": -1,
    "readName": "s3",
    "templateSize": 0,
    "readFeatures": [
      {
        "code": "I",
        "pos": 6,
        "data": "GTT"
      },
      {
        "code": "P",
        "pos": 9,
        "data": 3
      }
    ],
    "mappingQuality": 0,
    "qualityScores": [
      255,
      255,
      255,
      255,
      255,
      255,
      255,
      255,
      255,
      255,
      255,
      255,
      255
    ],
    "uniqueId": 6
  },
  {
    "tags": {},
    "flags": 0,
    "cramFlags": 3,
    "sequenceId": 0,
    "readLength": 13,
    "alignmentStart": 1,
    "readGroupId": -1,
    "readName": "s4",
    "templateSize": 0,
    "readFeatures": [
      {
        "code": "P",
        "pos": 6,
        "data": 3
      },
      {
        "code": "I",
        "pos": 6,
        "data": "AAC"
      }
    ],
    "mappingQuality": 0,
    "qualityScores": [
      255,
      255,
      255,
      255,
      255,
      255,
      255,
      255,
      255,
      255,
      255,
      255,
      255
    ],
    "uniqueId": 7
  },
  {
    "tags": {},
    "flags": 0,
    "cramFlags": 3,
    "sequenceId": 0,
    "readLength": 10,
    "alignmentStart": 1,
    "readGroupId": -1,
    "readName": "s5",
    "templateSize": 0,
    "readFeatures": [
      {
        "code": "D",
        "pos": 5,
        "data": 1
      },
      {
        "code": "P",
        "pos": 5,
        "data": 2
      },
      {
        "code": "I",
        "pos": 5,
        "data": "TA"
      },
      {
        "code": "P",
        "pos": 7,
        "data": 2
      },
      {
        "code": "D",
        "pos": 7,
        "data": 1
      }
    ],
    "mappingQuality": 0,
    "qualityScores": [
      255,
      255,
      255,
      255,
      255,
      255,
      255,
      255,
      255,
      255
    ],
    "uniqueId": 8
  },
  {
    "tags": {},
    "flags": 0,
    "cramFlags": 3,
    "sequenceId": 0,
    "readLength": 10,
    "alignmentStart": 1,
    "readGroupId": -1,
    "readName": "s6",
    "templateSize": 0,
    "readFeatures": [
      {
        "code": "D",
        "pos": 3,
        "data": 3
      },
      {
        "code": "I",
        "pos": 3,
        "data": "GTTAAC"
      },
      {
        "code": "D",
        "pos": 9,
        "data": 3
      }
    ],
    "mappingQuality": 0,
    "qualityScores": [
      255,
      255,
      255,
      255,
      255,
      255,
      255,
      255,
      255,
      255
    ],
    "uniqueId": 9
  },
  {
    "tags": {},
    "flags": 0,
    "cramFlags": 3,
    "sequenceId": 0,
    "readLength": 8,
    "alignmentStart": 1,
    "readGroupId": -1,
    "readName": "s7",
    "templateSize": 0,
    "readFeatures": [
      {
        "code": "D",
        "pos": 5,
        "data": 2
      }
    ],
    "mappingQuality": 0,
    "qualityScores": [
      255,
      255,
      255,
      255,
      255,
      255,
      255,
      255
    ],
    "uniqueId": 10
  },
  {
    "tags": {},
    "flags": 0,
    "cramFlags": 3,
    "sequenceId": 0,
    "readLength": 2,
    "alignmentStart": 1,
    "readGroupId": -1,
    "readName": "s8",
    "templateSize": 0,
    "readFeatures": [
      {
        "code": "D",
        "pos": 1,
        "data": 5
      },
      {
        "code": "P",
        "pos": 1,
        "data": 2
      },
      {
        "code": "I",
        "pos": 1,
        "data": "TA"
      },
      {
        "code": "P",
        "pos": 3,
        "data": 2
      },
      {
        "code": "D",
        "pos": 3,
        "data": 5
      }
    ],
    "mappingQuality": 0,
    "qualityScores": [
      255,
      255
    ],
    "uniqueId": 11
  },
  {
    "tags": {},
    "flags": 0,
    "cramFlags": 3,
    "sequenceId": 0,
    "readLength": 3,
    "alignmentStart": 5,
    "readGroupId": -1,
    "readName": "s9",
    "templateSize": 0,
    "readFeatures": [
      {
        "code": "P",
        "pos": 2,
        "data": 2
      },
      {
        "code": "I",
        "pos": 2,
        "data": "TA"
      },
      {
        "code": "P",
        "pos": 4,
        "data": 2
      }
    ],
    "mappingQuality": 0,
    "qualityScores": [
      255,
      255,
      255
    ],
    "uniqueId": 12
  }
]