[
  {
    "tags": {},
    "flags": 0,
    "cramFlags": 3,
    "sequenceId": 0,
    "readLength": 10,
    "alignmentStart": 1,
    "readGroupId": -1,
    "readName": "_sqm",
    "templateSize": 0,
    "readFeatures": [
      {
        "code": "i",
        "data": "C",
        "pos": 3,
        "refPos": 3
      },
      {
        "code": "X",
        "data": 2,
        "pos": 6,
        "refPos": 5
      },
      {
        "code": "D",
        "data": 1,
        "pos": 8,
        "refPos": 7
      }
    ],
    "lengthOnRef": 10,
    "mappingQuality": 0,
    "qualityScores": [
      40,
      40,
      40,
      40,
      40,
      40,
      40,
      40,
      40,
      40
    ],
    "uniqueId": 1
  },
  {
    "tags": {},
    "flags": 0,
    "cramFlags": 3,
    "sequenceId": 0,
    "readLength": 10,
    "alignmentStart": 1,
    "readGroupId": -1,
    "readName": "_sm",
    "templateSize": 0,
    "readFeatures": [
      {
        "code": "i",
        "data": "C",
        "pos": 3,
        "refPos": 3
      },
      {
        "code": "X",
        "data": 2,
        "pos": 6,
        "refPos": 5
      },
      {
        "code": "D",
        "data": 1,
        "pos": 8,
        "refPos": 7
      }
    ],
    "lengthOnRef": 10,
    "mappingQuality": 0,
    "qualityScores": [
      255,
      255,
      255,
      255,
      255,
      255,
      255,
      255,
      255,
      255
    ],
    "uniqueId": 2
  },
  {
    "tags": {},
    "flags": 0,
    "cramFlags": 3,
    "sequenceId": 0,
    "readLength": 10,
    "alignmentStart": 1,
    "readGroupId": -1,
    "readName": "_m",
    "templateSize": 0,
    "readFeatures": [
      {
        "code": "i",
        "data": "N",
        "pos": 3,
        "refPos": 3
      },
      {
        "code": "D",
        "data": 1,
        "pos": 8,
        "refPos": 7
      }
    ],
    "lengthOnRef": 10,
    "mappingQuality": 0,
    "qualityScores": [
      255,
      255,
      255,
      255,
      255,
      255,
      255,
      255,
      255,
      255
    ],
    "uniqueId": 3
  }
]