[
  {
    "tags": {},
    "flags": 0,
    "cramFlags": 3,
    "sequenceId": 0,
    "readLength": 9,
    "alignmentStart": 1,
    "readGroupId": -1,
    "readName": "s1",
    "templateSize": 0,
    "readFeatures": [
      {
        "code": "X",
        "pos": 2,
        "data": 2
      },
      {
        "code": "X",
        "pos": 8,
        "data": 2
      }
    ],
    "mappingQuality": 0,
    "qualityScores": [
      55,
      55,
      55,
      55,
      55,
      55,
      55,
      55,
      55
    ],
    "uniqueId": 0
  },
  {
    "tags": {},
    "flags": 0,
    "cramFlags": 3,
    "sequenceId": 0,
    "readLength": 5,
    "alignmentStart": 1,
    "readGroupId": -1,
    "readName": "s1b",
    "templateSize": 0,
    "readFeatures": [
      {
        "code": "X",
        "pos": 2,
        "data": 2
      },
      {
        "code": "D",
        "pos": 3,
        "data": 2
      },
      {
        "code": "D",
        "pos": 4,
        "data": 2
      },
      {
        "code": "X",
        "pos": 4,
        "data": 2
      }
    ],
    "mappingQuality": 0,
    "qualityScores": [
      255,
      255,
      255,
      255,
      255
    ],
    "uniqueId": 1
  },
  {
    "tags": {},
    "flags": 0,
    "cramFlags": 3,
    "sequenceId": 0,
    "readLength": 6,
    "alignmentStart": 1,
    "readGroupId": -1,
    "readName": "s2",
    "templateSize": 0,
    "readFeatures": [
      {
        "code": "X",
        "pos": 2,
        "data": 2
      },
      {
        "code": "D",
        "pos": 3,
        "data": 2
      },
      {
        "code": "i",
        "pos": 3,
        "data": "G"
      },
      {
        "code": "D",
        "pos": 4,
        "data": 1
      },
      {
        "code": "i",
        "pos": 4,
        "data": "G"
      },
      {
        "code": "D",
        "pos": 5,
        "data": 2
      },
      {
        "code": "X",
        "pos": 5,
        "data": 2
      }
    ],
    "mappingQuality": 0,
    "qualityScores": [
      255,
      255,
      255,
      255,
      255,
      255
    ],
    "uniqueId": 2
  },
  {
    "tags": {},
    "flags": 0,
    "cramFlags": 3,
    "sequenceId": 0,
    "readLength": 6,
    "alignmentStart": 1,
    "readGroupId": -1,
    "readName": "s2p",
    "templateSize": 0,
    "readFeatures": [
      {
        "code": "X",
        "pos": 2,
        "data": 2
      },
      {
        "code": "D",
        "pos": 3,
        "data": 2
      },
      {
        "code": "i",
        "pos": 3,
        "data": "G"
      },
      {
        "code": "P",
        "pos": 4,
        "data": 1
      },
      {
        "code": "D",
        "pos": 4,
        "data": 1
      },
      {
        "code": "P",
        "pos": 4,
        "data": 1
      },
      {
        "code": "i",
        "pos": 4,
        "data": "G"
      },
      {
        "code": "D",
        "pos": 5,
        "data": 2
      },
      {
        "code": "X",
        "pos": 5,
        "data": 2
      }
    ],
    "mappingQuality": 0,
    "qualityScores": [
      255,
      255,
      255,
      255,
      255,
      255
    ],
    "uniqueId": 3
  },
  {
    "tags": {},
    "flags": 0,
    "cramFlags": 3,
    "sequenceId": 0,
    "readLength": 8,
    "alignmentStart": 1,
    "readGroupId": -1,
    "readName": "s3",
    "templateSize": 0,
    "readFeatures": [
      {
        "code": "X",
        "pos": 2,
        "data": 2
      },
      {
        "code": "D",
        "pos": 3,
        "data": 2
      },
      {
        "code": "I",
        "pos": 3,
        "data": "GG"
      },
      {
        "code": "D",
        "pos": 5,
        "data": 1
      },
      {
        "code": "I",
        "pos": 5,
        "data": "GG"
      },
      {
        "code": "D",
        "pos": 7,
        "data": 2
      },
      {
        "code": "X",
        "pos": 7,
        "data": 2
      }
    ],
    "mappingQuality": 0,
    "qualityScores": [
      255,
      255,
      255,
      255,
      255,
      255,
      255,
      255
    ],
    "uniqueId": 4
  },
  {
    "tags": {},
    "flags": 0,
    "cramFlags": 3,
    "sequenceId": 0,
    "readLength": 11,
    "alignmentStart": 1,
    "readGroupId": -1,
    "readName": "s3b",
    "templateSize": 0,
    "readFeatures": [
      {
        "code": "X",
        "pos": 2,
        "data": 2
      },
      {
        "code": "D",
        "pos": 3,
        "data": 1
      },
      {
        "code": "X",
        "pos": 3,
        "data": 0
      },
      {
        "code": "I",
        "pos": 4,
        "data": "GG"
      },
      {
        "code": "X",
        "pos": 6,
        "data": 1
      },
      {
        "code": "I",
        "pos": 7,
        "data": "GG"
      },
      {
        "code": "X",
        "pos": 9,
        "data": 0
      },
      {
        "code": "D",
        "pos": 10,
        "data": 1
      },
      {
        "code": "X",
        "pos": 10,
        "data": 2
      }
    ],
    "mappingQuality": 0,
    "qualityScores": [
      255,
      255,
      255,
      255,
      255,
      255,
      255,
      255,
      255,
      255,
      255
    ],
    "uniqueId": 5
  },
  {
    "tags": {},
    "flags": 0,
    "cramFlags": 3,
    "sequenceId": 0,
    "readLength": 10,
    "alignmentStart": 1,
    "readGroupId": -1,
    "readName": "s4",
    "templateSize": 0,
    "readFeatures": [
      {
        "code": "X",
        "pos": 2,
        "data": 2
      },
      {
        "code": "i",
        "pos": 5,
        "data": "G"
      },
      {
        "code": "D",
        "pos": 6,
        "data": 1
      },
      {
        "code": "i",
        "pos": 6,
        "data": "G"
      },
      {
        "code": "X",
        "pos": 9,
        "data": 2
      }
    ],
    "mappingQuality": 0,
    "qualityScores": [
      255,
      255,
      255,
      255,
      255,
      255,
      255,
      255,
      255,
      255
    ],
    "uniqueId": 6
  },
  {
    "tags": {},
    "flags": 0,
    "cramFlags": 3,
    "sequenceId": 0,
    "readLength": 10,
    "alignmentStart": 1,
    "readGroupId": -1,
    "readName": "s4p",
    "templateSize": 0,
    "readFeatures": [
      {
        "code": "X",
        "pos": 2,
        "data": 2
      },
      {
        "code": "i",
        "pos": 5,
        "data": "G"
      },
      {
        "code": "P",
        "pos": 6,
        "data": 1
      },
      {
        "code": "D",
        "pos": 6,
        "data": 1
      },
      {
        "code": "P",
        "pos": 6,
        "data": 1
      },
      {
        "code": "i",
        "pos": 6,
        "data": "G"
      },
      {
        "code": "X",
        "pos": 9,
        "data": 2
      }
    ],
    "mappingQuality": 0,
    "qualityScores": [
      255,
      255,
      255,
      255,
      255,
      255,
      255,
      255,
      255,
      255
    ],
    "uniqueId": 7
  },
  {
    "tags": {},
    "flags": 0,
    "cramFlags": 3,
    "sequenceId": 0,
    "readLength": 10,
    "alignmentStart": 1,
    "readGroupId": -1,
    "readName": "s5",
    "templateSize": 0,
    "readFeatures": [
      {
        "code": "X",
        "pos": 2,
        "data": 2
      },
      {
        "code": "I",
        "pos": 3,
        "data": "GGG"
      },
      {
        "code": "D",
        "pos": 6,
        "data": 5
      },
      {
        "code": "I",
        "pos": 6,
        "data": "GGG"
      },
      {
        "code": "X",
        "pos": 9,
        "data": 2
      }
    ],
    "mappingQuality": 0,
    "qualityScores": [
      255,
      255,
      255,
      255,
      255,
      255,
      255,
      255,
      255,
      255
    ],
    "uniqueId": 8
  }
]