[
  {
    "tags": {
      "XG": 1,
      "XM": 5,
      "XN": 0,
      "XO": 1,
      "XS": -18,
      "AS": -18,
      "YT": "UU"
    },
    "flags": 16,
    "cramFlags": 3,
    "sequenceId": 0,
    "readLength": 100,
    "alignmentStart": 2,
    "readGroupId": -1,
    "readName": "SRR065390.14978392",
    "templateSize": 0,
    "readFeatures": [
      {
        "code": "X",
        "pos": 5,
        "data": 1
      },
      {
        "code": "X",
        "pos": 6,
        "data": 1
      },
      {
        "code": "X",
        "pos": 12,
        "data": 1
      },
      {
        "code": "X",
        "pos": 18,
        "data": 1
      },
      {
        "code": "X",
        "pos": 24,
        "data": 1
      },
      {
        "code": "D",
        "pos": 28,
        "data": 1
      }
    ],
    "mappingQuality": 1,
    "qualityScores": [
      2,
      2,
      2,
      2,
      2,
      2,
      2,
      2,
      2,
      2,
      2,
      2,
      2,
      2,
      2,
      2,
      2,
      2,
      2,
      2,
      2,
      2,
      2,
      2,
      2,
      2,
      2,
      2,
      2,
      31,
      33,
      30,
      23,
      33,
      30,
      33,
      32,
      31,
      31,
      35,
      35,
      33,
      34,
      35,
      35,
      34,
      33,
      34,
      31,
      34,
      35,
      34,
      35,
      34,
      34,
      34,
      34,
      34,
      34,
      34,
      34,
      34,
      34,
      34,
      34,
      34,
      34,
      34,
      34,
      34,
      34,
      34,
      34,
      34,
      34,
      34,
      34,
      34,
      34,
      34,
      34,
      34,
      34,
      34,
      34,
      34,
      34,
      34,
      34,
      34,
      34,
      34,
      34,
      34,
      34,
      34,
      34,
      34,
      34,
      34
    ],
    "uniqueId": 0
  },
  {
    "tags": {
      "XG": 0,
      "XM": 3,
      "XN": 0,
      "XO": 0,
      "AS": -6,
      "XS": -13,
      "YT": "UU"
    },
    "flags": 16,
    "cramFlags": 3,
    "sequenceId": 0,
    "readLength": 100,
    "alignmentStart": 3,
    "readGroupId": -1,
    "readName": "SRR065390.921023",
    "templateSize": 0,
    "readFeatures": [
      {
        "code": "X",
        "pos": 11,
        "data": 0
      },
      {
        "code": "X",
        "pos": 12,
        "data": 2
      },
      {
        "code": "X",
        "pos": 23,
        "data": 1
      }
    ],
    "mappingQuality": 12,
    "qualityScores": [
      2,
      2,
      2,
      2,
      2,
      2,
      2,
      2,
      2,
      2,
      2,
      2,
      2,
      2,
      2,
      2,
      2,
      2,
      2,
      2,
      2,
      2,
      2,
      2,
      2,
      2,
      2,
      2,
      2,
      2,
      2,
      2,
      2,
      2,
      2,
      2,
      2,
      2,
      2,
      2,
      2,
      2,
      2,
      2,
      2,
      2,
      2,
      30,
      30,
      30,
      23,
      23,
      25,
      26,
      24,
      23,
      22,
      21,
      23,
      22,
      15,
      15,
      15,
      15,
      15,
      27,
      29,
      25,
      33,
      33,
      32,
      30,
      33,
      33,
      32,
      33,
      30,
      33,
      33,
      33,
      33,
      33,
      33,
      33,
      33,
      29,
      33,
      29,
      33,
      33,
      25,
      25,
      26,
      30,
      25,
      15,
      15,
      15,
      15,
      15
    ],
    "uniqueId": 1
  }
]