[
  {
    "tags": {
      "XG": 1,
      "XM": 5,
      "XN": 0,
      "XO": 1,
      "XS": -18,
      "AS": -18,
      "YT": "UU"
    },
    "flags": 16,
    "cramFlags": 3,
    "sequenceId": 0,
    "readLength": 100,
    "alignmentStart": 2,
    "readGroupId": -1,
    "readName": "I",
    "templateSize": 0,
    "readFeatures": [
      {
        "code": "X",
        "pos": 5,
        "data": 1
      },
      {
        "code": "X",
        "pos": 6,
        "data": 1
      },
      {
        "code": "X",
        "pos": 12,
        "data": 1
      },
      {
        "code": "X",
        "pos": 18,
        "data": 1
      },
      {
        "code": "X",
        "pos": 24,
        "data": 1
      },
      {
        "code": "D",
        "pos": 28,
        "data": 1
      }
    ],
    "mappingQuality": 1,
    "qualityScores": [
      2,
      2,
      2,
      2,
      2,
      2,
      2,
      2,
      2,
      2,
      2,
      2,
      2,
      2,
      2,
      2,
      2,
      2,
      2,
      2,
      2,
      2,
      2,
      2,
      2,
      2,
      2,
      2,
      2,
      31,
      33,
      30,
      23,
      33,
      30,
      33,
      32,
      31,
      31,
      35,
      35,
      33,
      34,
      35,
      35,
      34,
      33,
      34,
      31,
      34,
      35,
      34,
      35,
      34,
      34,
      34,
      34,
      34,
      34,
      34,
      34,
      34,
      34,
      34,
      34,
      34,
      34,
      34,
      34,
      34,
      34,
      34,
      34,
      34,
      34,
      34,
      34,
      34,
      34,
      34,
      34,
      34,
      34,
      34,
      34,
      34,
      34,
      34,
      34,
      34,
      34,
      34,
      34,
      34,
      34,
      34,
      34,
      34,
      34,
      34
    ],
    "uniqueId": 0
  }
]