[
  {
    "tags": {
      "XG": 1,
      "XM": 5,
      "XN": 0,
      "XO": 1,
      "XS": -18,
      "AS": -18,
      "YT": "UU"
    },
    "flags": 16,
    "cramFlags": 3,
    "sequenceId": 0,
    "readLength": 100,
    "alignmentStart": 2,
    "readGroupId": -1,
    "readName": "I",
    "templateSize": 0,
    "readFeatures": [
      {
        "operator": "X",
        "position": 5,
        "data": 1
      },
      {
        "operator": "X",
        "position": 6,
        "data": 1
      },
      {
        "operator": "X",
        "position": 12,
        "data": 1
      },
      {
        "operator": "X",
        "position": 18,
        "data": 1
      },
      {
        "operator": "X",
        "position": 24,
        "data": 1
      },
      {
        "operator": "D",
        "position": 28,
        "data": 1
      }
    ],
    "mappingQuality": 1,
    "qualityScores": 2,
    "uniqueId": 0
  },
  {
    "tags": {
      "XG": 1,
      "XM": 5,
      "XN": 0,
      "XO": 1,
      "XS": -18,
      "AS": -18,
      "YT": "UU"
    },
    "flags": 16,
    "cramFlags": 3,
    "sequenceId": 0,
    "readLength": 100,
    "alignmentStart": 2,
    "readGroupId": -1,
    "readName": "II.14978392",
    "templateSize": 0,
    "readFeatures": [
      {
        "operator": "X",
        "position": 5,
        "data": 1
      },
      {
        "operator": "X",
        "position": 6,
        "data": 1
      },
      {
        "operator": "X",
        "position": 12,
        "data": 1
      },
      {
        "operator": "X",
        "position": 18,
        "data": 1
      },
      {
        "operator": "X",
        "position": 24,
        "data": 1
      },
      {
        "operator": "D",
        "position": 28,
        "data": 1
      }
    ],
    "mappingQuality": 1,
    "qualityScores": 2,
    "uniqueId": 1
  },
  {
    "tags": {
      "XG": 1,
      "XM": 5,
      "XN": 0,
      "XO": 1,
      "XS": -18,
      "AS": -18,
      "YT": "UU"
    },
    "flags": 16,
    "cramFlags": 3,
    "sequenceId": 0,
    "readLength": 100,
    "alignmentStart": 2,
    "readGroupId": -1,
    "readName": "III",
    "templateSize": 0,
    "readFeatures": [
      {
        "operator": "X",
        "position": 5,
        "data": 1
      },
      {
        "operator": "X",
        "position": 6,
        "data": 1
      },
      {
        "operator": "X",
        "position": 12,
        "data": 1
      },
      {
        "operator": "X",
        "position": 18,
        "data": 1
      },
      {
        "operator": "X",
        "position": 24,
        "data": 1
      },
      {
        "operator": "D",
        "position": 28,
        "data": 1
      }
    ],
    "mappingQuality": 1,
    "qualityScores": 2,
    "uniqueId": 2
  },
  {
    "tags": {
      "XG": 1,
      "XM": 5,
      "XN": 0,
      "XO": 1,
      "XS": -18,
      "AS": -18,
      "YT": "UU"
    },
    "flags": 16,
    "cramFlags": 3,
    "sequenceId": 0,
    "readLength": 100,
    "alignmentStart": 2,
    "readGroupId": -1,
    "readName": "IV",
    "templateSize": 0,
    "readFeatures": [
      {
        "operator": "X",
        "position": 5,
        "data": 1
      },
      {
        "operator": "X",
        "position": 6,
        "data": 1
      },
      {
        "operator": "X",
        "position": 12,
        "data": 1
      },
      {
        "operator": "X",
        "position": 18,
        "data": 1
      },
      {
        "operator": "X",
        "position": 24,
        "data": 1
      },
      {
        "operator": "D",
        "position": 28,
        "data": 1
      }
    ],
    "mappingQuality": 1,
    "qualityScores": 2,
    "uniqueId": 3
  },
  {
    "tags": {
      "XG": 1,
      "XM": 5,
      "XN": 0,
      "XO": 1,
      "XS": -18,
      "AS": -18,
      "YT": "UU"
    },
    "flags": 16,
    "cramFlags": 3,
    "sequenceId": 0,
    "readLength": 100,
    "alignmentStart": 2,
    "readGroupId": -1,
    "readName": "V",
    "templateSize": 0,
    "readFeatures": [
      {
        "operator": "X",
        "position": 5,
        "data": 1
      },
      {
        "operator": "X",
        "position": 6,
        "data": 1
      },
      {
        "operator": "X",
        "position": 12,
        "data": 1
      },
      {
        "operator": "X",
        "position": 18,
        "data": 1
      },
      {
        "operator": "X",
        "position": 24,
        "data": 1
      },
      {
        "operator": "D",
        "position": 28,
        "data": 1
      }
    ],
    "mappingQuality": 1,
    "qualityScores": 2,
    "uniqueId": 4
  },
  {
    "tags": {},
    "flags": 2048,
    "cramFlags": 3,
    "sequenceId": 0,
    "readLength": 100,
    "alignmentStart": 2,
    "readGroupId": -1,
    "readName": "VI",
    "templateSize": 0,
    "readFeatures": [
      {
        "operator": "X",
        "position": 1,
        "data": 0
      },
      {
        "operator": "X",
        "position": 27,
        "data": 0
      },
      {
        "operator": "D",
        "position": 28,
        "data": 100000
      },
      {
        "operator": "X",
        "position": 28,
        "data": 0
      },
      {
        "operator": "X",
        "position": 100,
        "data": 0
      }
    ],
    "mappingQuality": 1,
    "qualityScores": 2,
    "uniqueId": 5
  }
]