[
  {
    "tags": {
      "XG": 1,
      "XM": 5,
      "XN": 0,
      "XO": 1,
      "XS": -18,
      "AS": -18,
      "YT": "UU"
    },
    "flags": 16,
    "cramFlags": 3,
    "sequenceId": 1,
    "readLength": 100,
    "alignmentStart": 2,
    "readGroupId": -1,
    "readName": "II.14978392",
    "templateSize": 0,
    "readFeatures": [
      {
        "code": "X",
        "data": 1,
        "pos": 2,
        "refPos": 3
      },
      {
        "code": "X",
        "data": 2,
        "pos": 3,
        "refPos": 4
      },
      {
        "code": "X",
        "data": 1,
        "pos": 8,
        "refPos": 9
      },
      {
        "code": "X",
        "data": 2,
        "pos": 9,
        "refPos": 10
      },
      {
        "code": "X",
        "data": 0,
        "pos": 11,
        "refPos": 12
      },
      {
        "code": "X",
        "data": 1,
        "pos": 14,
        "refPos": 15
      },
      {
        "code": "X",
        "data": 2,
        "pos": 15,
        "refPos": 16
      },
      {
        "code": "X",
        "data": 0,
        "pos": 17,
        "refPos": 18
      },
      {
        "code": "X",
        "data": 1,
        "pos": 20,
        "refPos": 21
      },
      {
        "code": "X",
        "data": 2,
        "pos": 21,
        "refPos": 22
      },
      {
        "code": "X",
        "data": 0,
        "pos": 23,
        "refPos": 24
      },
      {
        "code": "X",
        "data": 1,
        "pos": 26,
        "refPos": 27
      },
      {
        "code": "X",
        "data": 2,
        "pos": 27,
        "refPos": 28
      },
      {
        "code": "D",
        "data": 1,
        "pos": 28,
        "refPos": 29
      },
      {
        "code": "X",
        "data": 0,
        "pos": 28,
        "refPos": 30
      },
      {
        "code": "X",
        "data": 1,
        "pos": 29,
        "refPos": 31
      },
      {
        "code": "X",
        "data": 1,
        "pos": 31,
        "refPos": 33
      },
      {
        "code": "X",
        "data": 2,
        "pos": 32,
        "refPos": 34
      },
      {
        "code": "X",
        "data": 0,
        "pos": 34,
        "refPos": 36
      },
      {
        "code": "X",
        "data": 1,
        "pos": 35,
        "refPos": 37
      },
      {
        "code": "X",
        "data": 1,
        "pos": 37,
        "refPos": 39
      },
      {
        "code": "X",
        "data": 2,
        "pos": 38,
        "refPos": 40
      },
      {
        "code": "X",
        "data": 0,
        "pos": 40,
        "refPos": 42
      },
      {
        "code": "X",
        "data": 1,
        "pos": 41,
        "refPos": 43
      },
      {
        "code": "X",
        "data": 1,
        "pos": 43,
        "refPos": 45
      },
      {
        "code": "X",
        "data": 2,
        "pos": 44,
        "refPos": 46
      },
      {
        "code": "X",
        "data": 0,
        "pos": 46,
        "refPos": 48
      },
      {
        "code": "X",
        "data": 1,
        "pos": 47,
        "refPos": 49
      },
      {
        "code": "X",
        "data": 1,
        "pos": 49,
        "refPos": 51
      },
      {
        "code": "X",
        "data": 2,
        "pos": 50,
        "refPos": 52
      },
      {
        "code": "X",
        "data": 0,
        "pos": 52,
        "refPos": 54
      },
      {
        "code": "X",
        "data": 1,
        "pos": 53,
        "refPos": 55
      },
      {
        "code": "X",
        "data": 1,
        "pos": 55,
        "refPos": 57
      },
      {
        "code": "X",
        "data": 2,
        "pos": 56,
        "refPos": 58
      },
      {
        "code": "X",
        "data": 0,
        "pos": 58,
        "refPos": 60
      },
      {
        "code": "X",
        "data": 1,
        "pos": 59,
        "refPos": 61
      },
      {
        "code": "X",
        "data": 1,
        "pos": 61,
        "refPos": 63
      },
      {
        "code": "X",
        "data": 2,
        "pos": 62,
        "refPos": 64
      },
      {
        "code": "X",
        "data": 0,
        "pos": 64,
        "refPos": 66
      },
      {
        "code": "X",
        "data": 1,
        "pos": 65,
        "refPos": 67
      },
      {
        "code": "X",
        "data": 1,
        "pos": 67,
        "refPos": 69
      },
      {
        "code": "X",
        "data": 2,
        "pos": 68,
        "refPos": 70
      },
      {
        "code": "X",
        "data": 0,
        "pos": 70,
        "refPos": 72
      },
      {
        "code": "X",
        "data": 1,
        "pos": 71,
        "refPos": 73
      },
      {
        "code": "X",
        "data": 1,
        "pos": 73,
        "refPos": 75
      },
      {
        "code": "X",
        "data": 2,
        "pos": 74,
        "refPos": 76
      },
      {
        "code": "X",
        "data": 0,
        "pos": 76,
        "refPos": 78
      },
      {
        "code": "X",
        "data": 1,
        "pos": 77,
        "refPos": 79
      },
      {
        "code": "X",
        "data": 1,
        "pos": 79,
        "refPos": 81
      },
      {
        "code": "X",
        "data": 2,
        "pos": 80,
        "refPos": 82
      },
      {
        "code": "X",
        "data": 0,
        "pos": 82,
        "refPos": 84
      },
      {
        "code": "X",
        "data": 1,
        "pos": 83,
        "refPos": 85
      },
      {
        "code": "X",
        "data": 1,
        "pos": 85,
        "refPos": 87
      },
      {
        "code": "X",
        "data": 2,
        "pos": 86,
        "refPos": 88
      },
      {
        "code": "X",
        "data": 0,
        "pos": 88,
        "refPos": 90
      },
      {
        "code": "X",
        "data": 1,
        "pos": 89,
        "refPos": 91
      },
      {
        "code": "X",
        "data": 1,
        "pos": 91,
        "refPos": 93
      },
      {
        "code": "X",
        "data": 2,
        "pos": 92,
        "refPos": 94
      },
      {
        "code": "X",
        "data": 0,
        "pos": 94,
        "refPos": 96
      },
      {
        "code": "X",
        "data": 1,
        "pos": 95,
        "refPos": 97
      },
      {
        "code": "X",
        "data": 1,
        "pos": 97,
        "refPos": 99
      },
      {
        "code": "X",
        "data": 2,
        "pos": 98,
        "refPos": 100
      },
      {
        "code": "X",
        "data": 0,
        "pos": 100,
        "refPos": 102
      }
    ],
    "lengthOnRef": 101,
    "mappingQuality": 1,
    "qualityScores": [
      2,
      2,
      2,
      2,
      2,
      2,
      2,
      2,
      2,
      2,
      2,
      2,
      2,
      2,
      2,
      2,
      2,
      2,
      2,
      2,
      2,
      2,
      2,
      2,
      2,
      2,
      2,
      2,
      2,
      31,
      33,
      30,
      23,
      33,
      30,
      33,
      32,
      31,
      31,
      35,
      35,
      33,
      34,
      35,
      35,
      34,
      33,
      34,
      31,
      34,
      35,
      34,
      35,
      34,
      34,
      34,
      34,
      34,
      34,
      34,
      34,
      34,
      34,
      34,
      34,
      34,
      34,
      34,
      34,
      34,
      34,
      34,
      34,
      34,
      34,
      34,
      34,
      34,
      34,
      34,
      34,
      34,
      34,
      34,
      34,
      34,
      34,
      34,
      34,
      34,
      34,
      34,
      34,
      34,
      34,
      34,
      34,
      34,
      34,
      34
    ],
    "uniqueId": 1623
  }
]