[
  {
    "tags": {
      "PT": "27;29;+;STOP;Note=tag1"
    },
    "flags": 16,
    "cramFlags": 3,
    "sequenceId": 0,
    "readLength": 100,
    "alignmentStart": 2,
    "readGroupId": -1,
    "readName": "I",
    "templateSize": 0,
    "readFeatures": [
      {
        "operator": "X",
        "position": 5,
        "data": 1
      },
      {
        "operator": "X",
        "position": 6,
        "data": 1
      },
      {
        "operator": "X",
        "position": 12,
        "data": 1
      },
      {
        "operator": "X",
        "position": 18,
        "data": 1
      },
      {
        "operator": "X",
        "position": 24,
        "data": 1
      },
      {
        "operator": "D",
        "position": 28,
        "data": 1
      }
    ],
    "mappingQuality": 1,
    "qualityScores": 2,
    "uniqueId": 0
  },
  {
    "tags": {
      "PT": "27;27;+;PRIM;Note=tag2|29;29;+;OLIG;Note=tag3"
    },
    "flags": 16,
    "cramFlags": 3,
    "sequenceId": 0,
    "readLength": 100,
    "alignmentStart": 2,
    "readGroupId": -1,
    "readName": "II.14978392",
    "templateSize": 0,
    "readFeatures": [
      {
        "operator": "X",
        "position": 5,
        "data": 1
      },
      {
        "operator": "X",
        "position": 6,
        "data": 1
      },
      {
        "operator": "X",
        "position": 12,
        "data": 1
      },
      {
        "operator": "X",
        "position": 18,
        "data": 1
      },
      {
        "operator": "X",
        "position": 24,
        "data": 1
      },
      {
        "operator": "D",
        "position": 28,
        "data": 1
      }
    ],
    "mappingQuality": 1,
    "qualityScores": 2,
    "uniqueId": 1
  },
  {
    "tags": {
      "PT": "1;1;+;COMM|101;101;+;COMM"
    },
    "flags": 0,
    "cramFlags": 3,
    "sequenceId": 0,
    "readLength": 101,
    "alignmentStart": 2,
    "readGroupId": -1,
    "readName": "III",
    "templateSize": 0,
    "readFeatures": [
      {
        "operator": "X",
        "position": 5,
        "data": 1
      },
      {
        "operator": "X",
        "position": 6,
        "data": 1
      },
      {
        "operator": "X",
        "position": 12,
        "data": 1
      },
      {
        "operator": "X",
        "position": 18,
        "data": 1
      },
      {
        "operator": "X",
        "position": 24,
        "data": 1
      },
      {
        "operator": "X",
        "position": 28,
        "data": 0
      }
    ],
    "mappingQuality": 1,
    "qualityScores": 2,
    "uniqueId": 2
  },
  {
    "tags": {},
    "flags": 16,
    "cramFlags": 3,
    "sequenceId": 0,
    "readLength": 100,
    "alignmentStart": 2,
    "readGroupId": -1,
    "readName": "IV",
    "templateSize": 0,
    "readFeatures": [
      {
        "operator": "X",
        "position": 5,
        "data": 1
      },
      {
        "operator": "X",
        "position": 6,
        "data": 1
      },
      {
        "operator": "X",
        "position": 12,
        "data": 1
      },
      {
        "operator": "X",
        "position": 18,
        "data": 1
      },
      {
        "operator": "X",
        "position": 24,
        "data": 1
      },
      {
        "operator": "D",
        "position": 28,
        "data": 1
      }
    ],
    "mappingQuality": 1,
    "qualityScores": 2,
    "uniqueId": 3
  },
  {
    "tags": {},
    "flags": 0,
    "cramFlags": 3,
    "sequenceId": 0,
    "readLength": 100,
    "alignmentStart": 2,
    "readGroupId": -1,
    "readName": "V",
    "templateSize": 0,
    "readFeatures": [
      {
        "operator": "X",
        "position": 5,
        "data": 1
      },
      {
        "operator": "X",
        "position": 6,
        "data": 1
      },
      {
        "operator": "X",
        "position": 12,
        "data": 1
      },
      {
        "operator": "X",
        "position": 18,
        "data": 1
      },
      {
        "operator": "X",
        "position": 24,
        "data": 1
      },
      {
        "operator": "D",
        "position": 28,
        "data": 1
      }
    ],
    "mappingQuality": 1,
    "qualityScores": 2,
    "uniqueId": 4
  },
  {
    "tags": {
      "CT": "+;STOP"
    },
    "flags": 768,
    "cramFlags": 3,
    "sequenceId": 0,
    "readLength": 1,
    "alignmentStart": 2,
    "readGroupId": -1,
    "readName": "*",
    "templateSize": 0,
    "mappingQuality": 255,
    "qualityScores": 2,
    "uniqueId": 5
  },
  {
    "tags": {
      "CT": "+;COMM;Note=consensus%0Amulti%09line%0Atag%0A!\"#$%25^&*()_+<>?:@~{}%7C%0A1234567890-=[]'%3B#,./\\"
    },
    "flags": 768,
    "cramFlags": 3,
    "sequenceId": 0,
    "readLength": 3,
    "alignmentStart": 28,
    "readGroupId": -1,
    "readName": "*",
    "templateSize": 0,
    "mappingQuality": 255,
    "qualityScores": 2,
    "uniqueId": 6
  },
  {
    "tags": {
      "CT": "+;STOP"
    },
    "flags": 768,
    "cramFlags": 3,
    "sequenceId": 0,
    "readLength": 1,
    "alignmentStart": 102,
    "readGroupId": -1,
    "readName": "*",
    "templateSize": 0,
    "mappingQuality": 255,
    "qualityScores": 255,
    "uniqueId": 7
  }
]