[
  {
    "tags": {
      "PT": "27;29;+;STOP;Note=tag1"
    },
    "flags": 16,
    "cramFlags": 3,
    "sequenceId": 0,
    "readLength": 100,
    "alignmentStart": 2,
    "readGroupId": -1,
    "readName": "I",
    "templateSize": 0,
    "readFeatures": [
      {
        "code": "X",
        "data": 1,
        "pos": 5,
        "refPos": 6
      },
      {
        "code": "X",
        "data": 1,
        "pos": 6,
        "refPos": 7
      },
      {
        "code": "X",
        "data": 1,
        "pos": 12,
        "refPos": 13
      },
      {
        "code": "X",
        "data": 1,
        "pos": 18,
        "refPos": 19
      },
      {
        "code": "X",
        "data": 1,
        "pos": 24,
        "refPos": 25
      },
      {
        "code": "D",
        "data": 1,
        "pos": 28,
        "refPos": 29
      }
    ],
    "lengthOnRef": 101,
    "mappingQuality": 1,
    "qualityScores": [
      2,
      2,
      2,
      2,
      2,
      2,
      2,
      2,
      2,
      2,
      2,
      2,
      2,
      2,
      2,
      2,
      2,
      2,
      2,
      2,
      2,
      2,
      2,
      2,
      2,
      2,
      2,
      2,
      2,
      31,
      33,
      30,
      23,
      33,
      30,
      33,
      32,
      31,
      31,
      35,
      35,
      33,
      34,
      35,
      35,
      34,
      33,
      34,
      31,
      34,
      35,
      34,
      35,
      34,
      34,
      34,
      34,
      34,
      34,
      34,
      34,
      34,
      34,
      34,
      34,
      34,
      34,
      34,
      34,
      34,
      34,
      34,
      34,
      34,
      34,
      34,
      34,
      34,
      34,
      34,
      34,
      34,
      34,
      34,
      34,
      34,
      34,
      34,
      34,
      34,
      34,
      34,
      34,
      34,
      34,
      34,
      34,
      34,
      34,
      34
    ],
    "uniqueId": 570
  },
  {
    "tags": {
      "PT": "27;27;+;PRIM;Note=tag2|29;29;+;OLIG;Note=tag3"
    },
    "flags": 16,
    "cramFlags": 3,
    "sequenceId": 0,
    "readLength": 100,
    "alignmentStart": 2,
    "readGroupId": -1,
    "readName": "II.14978392",
    "templateSize": 0,
    "readFeatures": [
      {
        "code": "X",
        "data": 1,
        "pos": 5,
        "refPos": 6
      },
      {
        "code": "X",
        "data": 1,
        "pos": 6,
        "refPos": 7
      },
      {
        "code": "X",
        "data": 1,
        "pos": 12,
        "refPos": 13
      },
      {
        "code": "X",
        "data": 1,
        "pos": 18,
        "refPos": 19
      },
      {
        "code": "X",
        "data": 1,
        "pos": 24,
        "refPos": 25
      },
      {
        "code": "D",
        "data": 1,
        "pos": 28,
        "refPos": 29
      }
    ],
    "lengthOnRef": 101,
    "mappingQuality": 1,
    "qualityScores": [
      2,
      2,
      2,
      2,
      2,
      2,
      2,
      2,
      2,
      2,
      2,
      2,
      2,
      2,
      2,
      2,
      2,
      2,
      2,
      2,
      2,
      2,
      2,
      2,
      2,
      2,
      2,
      2,
      2,
      31,
      33,
      30,
      23,
      33,
      30,
      33,
      32,
      31,
      31,
      35,
      35,
      33,
      34,
      35,
      35,
      34,
      33,
      34,
      31,
      34,
      35,
      34,
      35,
      34,
      34,
      34,
      34,
      34,
      34,
      34,
      34,
      34,
      34,
      34,
      34,
      34,
      34,
      34,
      34,
      34,
      34,
      34,
      34,
      34,
      34,
      34,
      34,
      34,
      34,
      34,
      34,
      34,
      34,
      34,
      34,
      34,
      34,
      34,
      34,
      34,
      34,
      34,
      34,
      34,
      34,
      34,
      34,
      34,
      34,
      34
    ],
    "uniqueId": 571
  },
  {
    "tags": {
      "PT": "1;1;+;COMM|101;101;+;COMM"
    },
    "flags": 0,
    "cramFlags": 3,
    "sequenceId": 0,
    "readLength": 101,
    "alignmentStart": 2,
    "readGroupId": -1,
    "readName": "III",
    "templateSize": 0,
    "readFeatures": [
      {
        "code": "X",
        "data": 1,
        "pos": 5,
        "refPos": 6
      },
      {
        "code": "X",
        "data": 1,
        "pos": 6,
        "refPos": 7
      },
      {
        "code": "X",
        "data": 1,
        "pos": 12,
        "refPos": 13
      },
      {
        "code": "X",
        "data": 1,
        "pos": 18,
        "refPos": 19
      },
      {
        "code": "X",
        "data": 1,
        "pos": 24,
        "refPos": 25
      },
      {
        "code": "X",
        "data": 0,
        "pos": 28,
        "refPos": 29
      }
    ],
    "lengthOnRef": 101,
    "mappingQuality": 1,
    "qualityScores": [
      2,
      2,
      2,
      2,
      2,
      2,
      2,
      2,
      2,
      2,
      2,
      2,
      2,
      2,
      2,
      2,
      2,
      2,
      2,
      2,
      2,
      2,
      2,
      2,
      2,
      2,
      2,
      1,
      2,
      2,
      31,
      33,
      30,
      23,
      33,
      30,
      33,
      32,
      31,
      31,
      35,
      35,
      33,
      34,
      35,
      35,
      34,
      33,
      34,
      31,
      34,
      35,
      34,
      35,
      34,
      34,
      34,
      34,
      34,
      34,
      34,
      34,
      34,
      34,
      34,
      34,
      34,
      34,
      34,
      34,
      34,
      34,
      34,
      34,
      34,
      34,
      34,
      34,
      34,
      34,
      34,
      34,
      34,
      34,
      34,
      34,
      34,
      34,
      34,
      34,
      34,
      34,
      34,
      34,
      34,
      34,
      34,
      34,
      34,
      34,
      34
    ],
    "uniqueId": 572
  },
  {
    "tags": {},
    "flags": 16,
    "cramFlags": 3,
    "sequenceId": 0,
    "readLength": 100,
    "alignmentStart": 2,
    "readGroupId": -1,
    "readName": "IV",
    "templateSize": 0,
    "readFeatures": [
      {
        "code": "X",
        "data": 1,
        "pos": 5,
        "refPos": 6
      },
      {
        "code": "X",
        "data": 1,
        "pos": 6,
        "refPos": 7
      },
      {
        "code": "X",
        "data": 1,
        "pos": 12,
        "refPos": 13
      },
      {
        "code": "X",
        "data": 1,
        "pos": 18,
        "refPos": 19
      },
      {
        "code": "X",
        "data": 1,
        "pos": 24,
        "refPos": 25
      },
      {
        "code": "D",
        "data": 1,
        "pos": 28,
        "refPos": 29
      }
    ],
    "lengthOnRef": 101,
    "mappingQuality": 1,
    "qualityScores": [
      2,
      2,
      2,
      2,
      2,
      2,
      2,
      2,
      2,
      2,
      2,
      2,
      2,
      2,
      2,
      2,
      2,
      2,
      2,
      2,
      2,
      2,
      2,
      2,
      2,
      2,
      2,
      2,
      2,
      31,
      33,
      30,
      23,
      33,
      30,
      33,
      32,
      31,
      31,
      35,
      35,
      33,
      34,
      35,
      35,
      34,
      33,
      34,
      31,
      34,
      35,
      34,
      35,
      34,
      34,
      34,
      34,
      34,
      34,
      34,
      34,
      34,
      34,
      34,
      34,
      34,
      34,
      34,
      34,
      34,
      34,
      34,
      34,
      34,
      34,
      34,
      34,
      34,
      34,
      34,
      34,
      34,
      34,
      34,
      34,
      34,
      34,
      34,
      34,
      34,
      34,
      34,
      34,
      34,
      34,
      34,
      34,
      34,
      34,
      34
    ],
    "uniqueId": 573
  },
  {
    "tags": {},
    "flags": 0,
    "cramFlags": 3,
    "sequenceId": 0,
    "readLength": 100,
    "alignmentStart": 2,
    "readGroupId": -1,
    "readName": "V",
    "templateSize": 0,
    "readFeatures": [
      {
        "code": "X",
        "data": 1,
        "pos": 5,
        "refPos": 6
      },
      {
        "code": "X",
        "data": 1,
        "pos": 6,
        "refPos": 7
      },
      {
        "code": "X",
        "data": 1,
        "pos": 12,
        "refPos": 13
      },
      {
        "code": "X",
        "data": 1,
        "pos": 18,
        "refPos": 19
      },
      {
        "code": "X",
        "data": 1,
        "pos": 24,
        "refPos": 25
      },
      {
        "code": "D",
        "data": 1,
        "pos": 28,
        "refPos": 29
      }
    ],
    "lengthOnRef": 101,
    "mappingQuality": 1,
    "qualityScores": [
      2,
      2,
      2,
      2,
      2,
      2,
      2,
      2,
      2,
      2,
      2,
      2,
      2,
      2,
      2,
      2,
      2,
      2,
      2,
      2,
      2,
      2,
      2,
      2,
      2,
      2,
      2,
      2,
      2,
      31,
      33,
      30,
      23,
      33,
      30,
      33,
      32,
      31,
      31,
      35,
      35,
      33,
      34,
      35,
      35,
      34,
      33,
      34,
      31,
      34,
      35,
      34,
      35,
      34,
      34,
      34,
      34,
      34,
      34,
      34,
      34,
      34,
      34,
      34,
      34,
      34,
      34,
      34,
      34,
      34,
      34,
      34,
      34,
      34,
      34,
      34,
      34,
      34,
      34,
      34,
      34,
      34,
      34,
      34,
      34,
      34,
      34,
      34,
      34,
      34,
      34,
      34,
      34,
      34,
      34,
      34,
      34,
      34,
      34,
      34
    ],
    "uniqueId": 574
  },
  {
    "tags": {
      "CT": "+;STOP"
    },
    "flags": 768,
    "cramFlags": 3,
    "sequenceId": 0,
    "readLength": 1,
    "alignmentStart": 2,
    "readGroupId": -1,
    "readName": "*",
    "templateSize": 0,
    "lengthOnRef": 1,
    "mappingQuality": 255,
    "qualityScores": [
      255
    ],
    "uniqueId": 575
  },
  {
    "tags": {
      "CT": "+;COMM;Note=consensus%0Amulti%09line%0Atag%0A!\"#$%25^&*()_+<>?:@~{}%7C%0A1234567890-=[]'%3B#,./\\"
    },
    "flags": 768,
    "cramFlags": 3,
    "sequenceId": 0,
    "readLength": 3,
    "alignmentStart": 28,
    "readGroupId": -1,
    "readName": "*",
    "templateSize": 0,
    "lengthOnRef": 3,
    "mappingQuality": 255,
    "qualityScores": [
      255,
      255,
      255
    ],
    "uniqueId": 576
  },
  {
    "tags": {
      "CT": "+;STOP"
    },
    "flags": 768,
    "cramFlags": 3,
    "sequenceId": 0,
    "readLength": 1,
    "alignmentStart": 102,
    "readGroupId": -1,
    "readName": "*",
    "templateSize": 0,
    "lengthOnRef": 1,
    "mappingQuality": 255,
    "qualityScores": [
      255
    ],
    "uniqueId": 1352
  }
]