[
  {
    "tags": {
      "PT": "27;28;+;STOP;Note=tag1"
    },
    "flags": 16,
    "cramFlags": 3,
    "sequenceId": 0,
    "readLength": 100,
    "alignmentStart": 2,
    "readGroupId": -1,
    "readName": "I",
    "templateSize": 0,
    "readFeatures": [
      {
        "code": "X",
        "data": 1,
        "pos": 5,
        "refPos": 6
      },
      {
        "code": "X",
        "data": 1,
        "pos": 6,
        "refPos": 7
      },
      {
        "code": "X",
        "data": 1,
        "pos": 12,
        "refPos": 13
      },
      {
        "code": "X",
        "data": 1,
        "pos": 18,
        "refPos": 19
      },
      {
        "code": "X",
        "data": 1,
        "pos": 24,
        "refPos": 25
      },
      {
        "code": "X",
        "data": 1,
        "pos": 29,
        "refPos": 30
      },
      {
        "code": "X",
        "data": 1,
        "pos": 30,
        "refPos": 31
      },
      {
        "code": "X",
        "data": 2,
        "pos": 32,
        "refPos": 33
      },
      {
        "code": "X",
        "data": 0,
        "pos": 33,
        "refPos": 34
      },
      {
        "code": "X",
        "data": 1,
        "pos": 35,
        "refPos": 36
      },
      {
        "code": "X",
        "data": 1,
        "pos": 36,
        "refPos": 37
      },
      {
        "code": "X",
        "data": 2,
        "pos": 38,
        "refPos": 39
      },
      {
        "code": "X",
        "data": 0,
        "pos": 39,
        "refPos": 40
      },
      {
        "code": "X",
        "data": 1,
        "pos": 41,
        "refPos": 42
      },
      {
        "code": "X",
        "data": 1,
        "pos": 42,
        "refPos": 43
      },
      {
        "code": "X",
        "data": 2,
        "pos": 44,
        "refPos": 45
      },
      {
        "code": "X",
        "data": 0,
        "pos": 45,
        "refPos": 46
      },
      {
        "code": "X",
        "data": 1,
        "pos": 47,
        "refPos": 48
      },
      {
        "code": "X",
        "data": 1,
        "pos": 48,
        "refPos": 49
      },
      {
        "code": "X",
        "data": 2,
        "pos": 50,
        "refPos": 51
      },
      {
        "code": "X",
        "data": 0,
        "pos": 51,
        "refPos": 52
      },
      {
        "code": "X",
        "data": 1,
        "pos": 53,
        "refPos": 54
      },
      {
        "code": "X",
        "data": 1,
        "pos": 54,
        "refPos": 55
      },
      {
        "code": "X",
        "data": 2,
        "pos": 56,
        "refPos": 57
      },
      {
        "code": "X",
        "data": 0,
        "pos": 57,
        "refPos": 58
      },
      {
        "code": "X",
        "data": 1,
        "pos": 59,
        "refPos": 60
      },
      {
        "code": "X",
        "data": 1,
        "pos": 60,
        "refPos": 61
      },
      {
        "code": "X",
        "data": 2,
        "pos": 62,
        "refPos": 63
      },
      {
        "code": "X",
        "data": 0,
        "pos": 63,
        "refPos": 64
      },
      {
        "code": "X",
        "data": 1,
        "pos": 65,
        "refPos": 66
      },
      {
        "code": "X",
        "data": 1,
        "pos": 66,
        "refPos": 67
      },
      {
        "code": "X",
        "data": 2,
        "pos": 68,
        "refPos": 69
      },
      {
        "code": "X",
        "data": 0,
        "pos": 69,
        "refPos": 70
      },
      {
        "code": "X",
        "data": 1,
        "pos": 71,
        "refPos": 72
      },
      {
        "code": "X",
        "data": 1,
        "pos": 72,
        "refPos": 73
      },
      {
        "code": "X",
        "data": 2,
        "pos": 74,
        "refPos": 75
      },
      {
        "code": "X",
        "data": 0,
        "pos": 75,
        "refPos": 76
      },
      {
        "code": "X",
        "data": 1,
        "pos": 77,
        "refPos": 78
      },
      {
        "code": "X",
        "data": 1,
        "pos": 78,
        "refPos": 79
      },
      {
        "code": "X",
        "data": 2,
        "pos": 80,
        "refPos": 81
      },
      {
        "code": "X",
        "data": 0,
        "pos": 81,
        "refPos": 82
      },
      {
        "code": "X",
        "data": 1,
        "pos": 83,
        "refPos": 84
      },
      {
        "code": "X",
        "data": 1,
        "pos": 84,
        "refPos": 85
      },
      {
        "code": "X",
        "data": 2,
        "pos": 86,
        "refPos": 87
      },
      {
        "code": "X",
        "data": 0,
        "pos": 87,
        "refPos": 88
      },
      {
        "code": "X",
        "data": 1,
        "pos": 89,
        "refPos": 90
      },
      {
        "code": "X",
        "data": 1,
        "pos": 90,
        "refPos": 91
      },
      {
        "code": "X",
        "data": 2,
        "pos": 92,
        "refPos": 93
      },
      {
        "code": "X",
        "data": 0,
        "pos": 93,
        "refPos": 94
      },
      {
        "code": "X",
        "data": 1,
        "pos": 95,
        "refPos": 96
      },
      {
        "code": "X",
        "data": 1,
        "pos": 96,
        "refPos": 97
      },
      {
        "code": "X",
        "data": 2,
        "pos": 98,
        "refPos": 99
      },
      {
        "code": "X",
        "data": 0,
        "pos": 99,
        "refPos": 100
      }
    ],
    "mappingQuality": 1,
    "qualityScores": [
      2,
      2,
      2,
      2,
      2,
      2,
      2,
      2,
      2,
      2,
      2,
      2,
      2,
      2,
      2,
      2,
      2,
      2,
      2,
      2,
      2,
      2,
      2,
      2,
      2,
      2,
      2,
      2,
      2,
      31,
      33,
      30,
      23,
      33,
      30,
      33,
      32,
      31,
      31,
      35,
      35,
      33,
      34,
      35,
      35,
      34,
      33,
      34,
      31,
      34,
      35,
      34,
      35,
      34,
      34,
      34,
      34,
      34,
      34,
      34,
      34,
      34,
      34,
      34,
      34,
      34,
      34,
      34,
      34,
      34,
      34,
      34,
      34,
      34,
      34,
      34,
      34,
      34,
      34,
      34,
      34,
      34,
      34,
      34,
      34,
      34,
      34,
      34,
      34,
      34,
      34,
      34,
      34,
      34,
      34,
      34,
      34,
      34,
      34,
      34
    ],
    "uniqueId": 0
  },
  {
    "tags": {
      "PT": "27;27;+;PRIM;Note=tag2|28;28;+;OLIG;Note=tag3"
    },
    "flags": 16,
    "cramFlags": 3,
    "sequenceId": 0,
    "readLength": 100,
    "alignmentStart": 2,
    "readGroupId": -1,
    "readName": "II.14978392",
    "templateSize": 0,
    "readFeatures": [
      {
        "code": "X",
        "data": 1,
        "pos": 5,
        "refPos": 6
      },
      {
        "code": "X",
        "data": 1,
        "pos": 6,
        "refPos": 7
      },
      {
        "code": "X",
        "data": 1,
        "pos": 12,
        "refPos": 13
      },
      {
        "code": "X",
        "data": 1,
        "pos": 18,
        "refPos": 19
      },
      {
        "code": "X",
        "data": 1,
        "pos": 24,
        "refPos": 25
      },
      {
        "code": "X",
        "data": 1,
        "pos": 29,
        "refPos": 30
      },
      {
        "code": "X",
        "data": 1,
        "pos": 30,
        "refPos": 31
      },
      {
        "code": "X",
        "data": 2,
        "pos": 32,
        "refPos": 33
      },
      {
        "code": "X",
        "data": 0,
        "pos": 33,
        "refPos": 34
      },
      {
        "code": "X",
        "data": 1,
        "pos": 35,
        "refPos": 36
      },
      {
        "code": "X",
        "data": 1,
        "pos": 36,
        "refPos": 37
      },
      {
        "code": "X",
        "data": 2,
        "pos": 38,
        "refPos": 39
      },
      {
        "code": "X",
        "data": 0,
        "pos": 39,
        "refPos": 40
      },
      {
        "code": "X",
        "data": 1,
        "pos": 41,
        "refPos": 42
      },
      {
        "code": "X",
        "data": 1,
        "pos": 42,
        "refPos": 43
      },
      {
        "code": "X",
        "data": 2,
        "pos": 44,
        "refPos": 45
      },
      {
        "code": "X",
        "data": 0,
        "pos": 45,
        "refPos": 46
      },
      {
        "code": "X",
        "data": 1,
        "pos": 47,
        "refPos": 48
      },
      {
        "code": "X",
        "data": 1,
        "pos": 48,
        "refPos": 49
      },
      {
        "code": "X",
        "data": 2,
        "pos": 50,
        "refPos": 51
      },
      {
        "code": "X",
        "data": 0,
        "pos": 51,
        "refPos": 52
      },
      {
        "code": "X",
        "data": 1,
        "pos": 53,
        "refPos": 54
      },
      {
        "code": "X",
        "data": 1,
        "pos": 54,
        "refPos": 55
      },
      {
        "code": "X",
        "data": 2,
        "pos": 56,
        "refPos": 57
      },
      {
        "code": "X",
        "data": 0,
        "pos": 57,
        "refPos": 58
      },
      {
        "code": "X",
        "data": 1,
        "pos": 59,
        "refPos": 60
      },
      {
        "code": "X",
        "data": 1,
        "pos": 60,
        "refPos": 61
      },
      {
        "code": "X",
        "data": 2,
        "pos": 62,
        "refPos": 63
      },
      {
        "code": "X",
        "data": 0,
        "pos": 63,
        "refPos": 64
      },
      {
        "code": "X",
        "data": 1,
        "pos": 65,
        "refPos": 66
      },
      {
        "code": "X",
        "data": 1,
        "pos": 66,
        "refPos": 67
      },
      {
        "code": "X",
        "data": 2,
        "pos": 68,
        "refPos": 69
      },
      {
        "code": "X",
        "data": 0,
        "pos": 69,
        "refPos": 70
      },
      {
        "code": "X",
        "data": 1,
        "pos": 71,
        "refPos": 72
      },
      {
        "code": "X",
        "data": 1,
        "pos": 72,
        "refPos": 73
      },
      {
        "code": "X",
        "data": 2,
        "pos": 74,
        "refPos": 75
      },
      {
        "code": "X",
        "data": 0,
        "pos": 75,
        "refPos": 76
      },
      {
        "code": "X",
        "data": 1,
        "pos": 77,
        "refPos": 78
      },
      {
        "code": "X",
        "data": 1,
        "pos": 78,
        "refPos": 79
      },
      {
        "code": "X",
        "data": 2,
        "pos": 80,
        "refPos": 81
      },
      {
        "code": "X",
        "data": 0,
        "pos": 81,
        "refPos": 82
      },
      {
        "code": "X",
        "data": 1,
        "pos": 83,
        "refPos": 84
      },
      {
        "code": "X",
        "data": 1,
        "pos": 84,
        "refPos": 85
      },
      {
        "code": "X",
        "data": 2,
        "pos": 86,
        "refPos": 87
      },
      {
        "code": "X",
        "data": 0,
        "pos": 87,
        "refPos": 88
      },
      {
        "code": "X",
        "data": 1,
        "pos": 89,
        "refPos": 90
      },
      {
        "code": "X",
        "data": 1,
        "pos": 90,
        "refPos": 91
      },
      {
        "code": "X",
        "data": 2,
        "pos": 92,
        "refPos": 93
      },
      {
        "code": "X",
        "data": 0,
        "pos": 93,
        "refPos": 94
      },
      {
        "code": "X",
        "data": 1,
        "pos": 95,
        "refPos": 96
      },
      {
        "code": "X",
        "data": 1,
        "pos": 96,
        "refPos": 97
      },
      {
        "code": "X",
        "data": 2,
        "pos": 98,
        "refPos": 99
      },
      {
        "code": "X",
        "data": 0,
        "pos": 99,
        "refPos": 100
      }
    ],
    "mappingQuality": 1,
    "qualityScores": [
      2,
      2,
      2,
      2,
      2,
      2,
      2,
      2,
      2,
      2,
      2,
      2,
      2,
      2,
      2,
      2,
      2,
      2,
      2,
      2,
      2,
      2,
      2,
      2,
      2,
      2,
      2,
      2,
      2,
      31,
      33,
      30,
      23,
      33,
      30,
      33,
      32,
      31,
      31,
      35,
      35,
      33,
      34,
      35,
      35,
      34,
      33,
      34,
      31,
      34,
      35,
      34,
      35,
      34,
      34,
      34,
      34,
      34,
      34,
      34,
      34,
      34,
      34,
      34,
      34,
      34,
      34,
      34,
      34,
      34,
      34,
      34,
      34,
      34,
      34,
      34,
      34,
      34,
      34,
      34,
      34,
      34,
      34,
      34,
      34,
      34,
      34,
      34,
      34,
      34,
      34,
      34,
      34,
      34,
      34,
      34,
      34,
      34,
      34,
      34
    ],
    "uniqueId": 1
  },
  {
    "tags": {
      "PT": "1;1;+;COMM|101;101;+;COMM"
    },
    "flags": 0,
    "cramFlags": 3,
    "sequenceId": 0,
    "readLength": 101,
    "alignmentStart": 2,
    "readGroupId": -1,
    "readName": "III",
    "templateSize": 0,
    "readFeatures": [
      {
        "code": "X",
        "data": 1,
        "pos": 5,
        "refPos": 6
      },
      {
        "code": "X",
        "data": 1,
        "pos": 6,
        "refPos": 7
      },
      {
        "code": "X",
        "data": 1,
        "pos": 12,
        "refPos": 13
      },
      {
        "code": "X",
        "data": 1,
        "pos": 18,
        "refPos": 19
      },
      {
        "code": "X",
        "data": 1,
        "pos": 24,
        "refPos": 25
      },
      {
        "code": "i",
        "data": "C",
        "pos": 28,
        "refPos": 29
      },
      {
        "code": "X",
        "data": 1,
        "pos": 30,
        "refPos": 30
      },
      {
        "code": "X",
        "data": 1,
        "pos": 31,
        "refPos": 31
      },
      {
        "code": "X",
        "data": 2,
        "pos": 33,
        "refPos": 33
      },
      {
        "code": "X",
        "data": 0,
        "pos": 34,
        "refPos": 34
      },
      {
        "code": "X",
        "data": 1,
        "pos": 36,
        "refPos": 36
      },
      {
        "code": "X",
        "data": 1,
        "pos": 37,
        "refPos": 37
      },
      {
        "code": "X",
        "data": 2,
        "pos": 39,
        "refPos": 39
      },
      {
        "code": "X",
        "data": 0,
        "pos": 40,
        "refPos": 40
      },
      {
        "code": "X",
        "data": 1,
        "pos": 42,
        "refPos": 42
      },
      {
        "code": "X",
        "data": 1,
        "pos": 43,
        "refPos": 43
      },
      {
        "code": "X",
        "data": 2,
        "pos": 45,
        "refPos": 45
      },
      {
        "code": "X",
        "data": 0,
        "pos": 46,
        "refPos": 46
      },
      {
        "code": "X",
        "data": 1,
        "pos": 48,
        "refPos": 48
      },
      {
        "code": "X",
        "data": 1,
        "pos": 49,
        "refPos": 49
      },
      {
        "code": "X",
        "data": 2,
        "pos": 51,
        "refPos": 51
      },
      {
        "code": "X",
        "data": 0,
        "pos": 52,
        "refPos": 52
      },
      {
        "code": "X",
        "data": 1,
        "pos": 54,
        "refPos": 54
      },
      {
        "code": "X",
        "data": 1,
        "pos": 55,
        "refPos": 55
      },
      {
        "code": "X",
        "data": 2,
        "pos": 57,
        "refPos": 57
      },
      {
        "code": "X",
        "data": 0,
        "pos": 58,
        "refPos": 58
      },
      {
        "code": "X",
        "data": 1,
        "pos": 60,
        "refPos": 60
      },
      {
        "code": "X",
        "data": 1,
        "pos": 61,
        "refPos": 61
      },
      {
        "code": "X",
        "data": 2,
        "pos": 63,
        "refPos": 63
      },
      {
        "code": "X",
        "data": 0,
        "pos": 64,
        "refPos": 64
      },
      {
        "code": "X",
        "data": 1,
        "pos": 66,
        "refPos": 66
      },
      {
        "code": "X",
        "data": 1,
        "pos": 67,
        "refPos": 67
      },
      {
        "code": "X",
        "data": 2,
        "pos": 69,
        "refPos": 69
      },
      {
        "code": "X",
        "data": 0,
        "pos": 70,
        "refPos": 70
      },
      {
        "code": "X",
        "data": 1,
        "pos": 72,
        "refPos": 72
      },
      {
        "code": "X",
        "data": 1,
        "pos": 73,
        "refPos": 73
      },
      {
        "code": "X",
        "data": 2,
        "pos": 75,
        "refPos": 75
      },
      {
        "code": "X",
        "data": 0,
        "pos": 76,
        "refPos": 76
      },
      {
        "code": "X",
        "data": 1,
        "pos": 78,
        "refPos": 78
      },
      {
        "code": "X",
        "data": 1,
        "pos": 79,
        "refPos": 79
      },
      {
        "code": "X",
        "data": 2,
        "pos": 81,
        "refPos": 81
      },
      {
        "code": "X",
        "data": 0,
        "pos": 82,
        "refPos": 82
      },
      {
        "code": "X",
        "data": 1,
        "pos": 84,
        "refPos": 84
      },
      {
        "code": "X",
        "data": 1,
        "pos": 85,
        "refPos": 85
      },
      {
        "code": "X",
        "data": 2,
        "pos": 87,
        "refPos": 87
      },
      {
        "code": "X",
        "data": 0,
        "pos": 88,
        "refPos": 88
      },
      {
        "code": "X",
        "data": 1,
        "pos": 90,
        "refPos": 90
      },
      {
        "code": "X",
        "data": 1,
        "pos": 91,
        "refPos": 91
      },
      {
        "code": "X",
        "data": 2,
        "pos": 93,
        "refPos": 93
      },
      {
        "code": "X",
        "data": 0,
        "pos": 94,
        "refPos": 94
      },
      {
        "code": "X",
        "data": 1,
        "pos": 96,
        "refPos": 96
      },
      {
        "code": "X",
        "data": 1,
        "pos": 97,
        "refPos": 97
      },
      {
        "code": "X",
        "data": 2,
        "pos": 99,
        "refPos": 99
      },
      {
        "code": "X",
        "data": 0,
        "pos": 100,
        "refPos": 100
      }
    ],
    "mappingQuality": 1,
    "qualityScores": [
      2,
      2,
      2,
      2,
      2,
      2,
      2,
      2,
      2,
      2,
      2,
      2,
      2,
      2,
      2,
      2,
      2,
      2,
      2,
      2,
      2,
      2,
      2,
      2,
      2,
      2,
      2,
      1,
      2,
      2,
      31,
      33,
      30,
      23,
      33,
      30,
      33,
      32,
      31,
      31,
      35,
      35,
      33,
      34,
      35,
      35,
      34,
      33,
      34,
      31,
      34,
      35,
      34,
      35,
      34,
      34,
      34,
      34,
      34,
      34,
      34,
      34,
      34,
      34,
      34,
      34,
      34,
      34,
      34,
      34,
      34,
      34,
      34,
      34,
      34,
      34,
      34,
      34,
      34,
      34,
      34,
      34,
      34,
      34,
      34,
      34,
      34,
      34,
      34,
      34,
      34,
      34,
      34,
      34,
      34,
      34,
      34,
      34,
      34,
      34,
      34
    ],
    "uniqueId": 2
  },
  {
    "tags": {},
    "flags": 16,
    "cramFlags": 3,
    "sequenceId": 0,
    "readLength": 100,
    "alignmentStart": 2,
    "readGroupId": -1,
    "readName": "IV",
    "templateSize": 0,
    "readFeatures": [
      {
        "code": "X",
        "data": 1,
        "pos": 5,
        "refPos": 6
      },
      {
        "code": "X",
        "data": 1,
        "pos": 6,
        "refPos": 7
      },
      {
        "code": "X",
        "data": 1,
        "pos": 12,
        "refPos": 13
      },
      {
        "code": "X",
        "data": 1,
        "pos": 18,
        "refPos": 19
      },
      {
        "code": "X",
        "data": 1,
        "pos": 24,
        "refPos": 25
      },
      {
        "code": "X",
        "data": 1,
        "pos": 29,
        "refPos": 30
      },
      {
        "code": "X",
        "data": 1,
        "pos": 30,
        "refPos": 31
      },
      {
        "code": "X",
        "data": 2,
        "pos": 32,
        "refPos": 33
      },
      {
        "code": "X",
        "data": 0,
        "pos": 33,
        "refPos": 34
      },
      {
        "code": "X",
        "data": 1,
        "pos": 35,
        "refPos": 36
      },
      {
        "code": "X",
        "data": 1,
        "pos": 36,
        "refPos": 37
      },
      {
        "code": "X",
        "data": 2,
        "pos": 38,
        "refPos": 39
      },
      {
        "code": "X",
        "data": 0,
        "pos": 39,
        "refPos": 40
      },
      {
        "code": "X",
        "data": 1,
        "pos": 41,
        "refPos": 42
      },
      {
        "code": "X",
        "data": 1,
        "pos": 42,
        "refPos": 43
      },
      {
        "code": "X",
        "data": 2,
        "pos": 44,
        "refPos": 45
      },
      {
        "code": "X",
        "data": 0,
        "pos": 45,
        "refPos": 46
      },
      {
        "code": "X",
        "data": 1,
        "pos": 47,
        "refPos": 48
      },
      {
        "code": "X",
        "data": 1,
        "pos": 48,
        "refPos": 49
      },
      {
        "code": "X",
        "data": 2,
        "pos": 50,
        "refPos": 51
      },
      {
        "code": "X",
        "data": 0,
        "pos": 51,
        "refPos": 52
      },
      {
        "code": "X",
        "data": 1,
        "pos": 53,
        "refPos": 54
      },
      {
        "code": "X",
        "data": 1,
        "pos": 54,
        "refPos": 55
      },
      {
        "code": "X",
        "data": 2,
        "pos": 56,
        "refPos": 57
      },
      {
        "code": "X",
        "data": 0,
        "pos": 57,
        "refPos": 58
      },
      {
        "code": "X",
        "data": 1,
        "pos": 59,
        "refPos": 60
      },
      {
        "code": "X",
        "data": 1,
        "pos": 60,
        "refPos": 61
      },
      {
        "code": "X",
        "data": 2,
        "pos": 62,
        "refPos": 63
      },
      {
        "code": "X",
        "data": 0,
        "pos": 63,
        "refPos": 64
      },
      {
        "code": "X",
        "data": 1,
        "pos": 65,
        "refPos": 66
      },
      {
        "code": "X",
        "data": 1,
        "pos": 66,
        "refPos": 67
      },
      {
        "code": "X",
        "data": 2,
        "pos": 68,
        "refPos": 69
      },
      {
        "code": "X",
        "data": 0,
        "pos": 69,
        "refPos": 70
      },
      {
        "code": "X",
        "data": 1,
        "pos": 71,
        "refPos": 72
      },
      {
        "code": "X",
        "data": 1,
        "pos": 72,
        "refPos": 73
      },
      {
        "code": "X",
        "data": 2,
        "pos": 74,
        "refPos": 75
      },
      {
        "code": "X",
        "data": 0,
        "pos": 75,
        "refPos": 76
      },
      {
        "code": "X",
        "data": 1,
        "pos": 77,
        "refPos": 78
      },
      {
        "code": "X",
        "data": 1,
        "pos": 78,
        "refPos": 79
      },
      {
        "code": "X",
        "data": 2,
        "pos": 80,
        "refPos": 81
      },
      {
        "code": "X",
        "data": 0,
        "pos": 81,
        "refPos": 82
      },
      {
        "code": "X",
        "data": 1,
        "pos": 83,
        "refPos": 84
      },
      {
        "code": "X",
        "data": 1,
        "pos": 84,
        "refPos": 85
      },
      {
        "code": "X",
        "data": 2,
        "pos": 86,
        "refPos": 87
      },
      {
        "code": "X",
        "data": 0,
        "pos": 87,
        "refPos": 88
      },
      {
        "code": "X",
        "data": 1,
        "pos": 89,
        "refPos": 90
      },
      {
        "code": "X",
        "data": 1,
        "pos": 90,
        "refPos": 91
      },
      {
        "code": "X",
        "data": 2,
        "pos": 92,
        "refPos": 93
      },
      {
        "code": "X",
        "data": 0,
        "pos": 93,
        "refPos": 94
      },
      {
        "code": "X",
        "data": 1,
        "pos": 95,
        "refPos": 96
      },
      {
        "code": "X",
        "data": 1,
        "pos": 96,
        "refPos": 97
      },
      {
        "code": "X",
        "data": 2,
        "pos": 98,
        "refPos": 99
      },
      {
        "code": "X",
        "data": 0,
        "pos": 99,
        "refPos": 100
      }
    ],
    "mappingQuality": 1,
    "qualityScores": [
      2,
      2,
      2,
      2,
      2,
      2,
      2,
      2,
      2,
      2,
      2,
      2,
      2,
      2,
      2,
      2,
      2,
      2,
      2,
      2,
      2,
      2,
      2,
      2,
      2,
      2,
      2,
      2,
      2,
      31,
      33,
      30,
      23,
      33,
      30,
      33,
      32,
      31,
      31,
      35,
      35,
      33,
      34,
      35,
      35,
      34,
      33,
      34,
      31,
      34,
      35,
      34,
      35,
      34,
      34,
      34,
      34,
      34,
      34,
      34,
      34,
      34,
      34,
      34,
      34,
      34,
      34,
      34,
      34,
      34,
      34,
      34,
      34,
      34,
      34,
      34,
      34,
      34,
      34,
      34,
      34,
      34,
      34,
      34,
      34,
      34,
      34,
      34,
      34,
      34,
      34,
      34,
      34,
      34,
      34,
      34,
      34,
      34,
      34,
      34
    ],
    "uniqueId": 3
  },
  {
    "tags": {},
    "flags": 0,
    "cramFlags": 3,
    "sequenceId": 0,
    "readLength": 100,
    "alignmentStart": 2,
    "readGroupId": -1,
    "readName": "V",
    "templateSize": 0,
    "readFeatures": [
      {
        "code": "X",
        "data": 1,
        "pos": 5,
        "refPos": 6
      },
      {
        "code": "X",
        "data": 1,
        "pos": 6,
        "refPos": 7
      },
      {
        "code": "X",
        "data": 1,
        "pos": 12,
        "refPos": 13
      },
      {
        "code": "X",
        "data": 1,
        "pos": 18,
        "refPos": 19
      },
      {
        "code": "X",
        "data": 1,
        "pos": 24,
        "refPos": 25
      },
      {
        "code": "X",
        "data": 1,
        "pos": 29,
        "refPos": 30
      },
      {
        "code": "X",
        "data": 1,
        "pos": 30,
        "refPos": 31
      },
      {
        "code": "X",
        "data": 2,
        "pos": 32,
        "refPos": 33
      },
      {
        "code": "X",
        "data": 0,
        "pos": 33,
        "refPos": 34
      },
      {
        "code": "X",
        "data": 1,
        "pos": 35,
        "refPos": 36
      },
      {
        "code": "X",
        "data": 1,
        "pos": 36,
        "refPos": 37
      },
      {
        "code": "X",
        "data": 2,
        "pos": 38,
        "refPos": 39
      },
      {
        "code": "X",
        "data": 0,
        "pos": 39,
        "refPos": 40
      },
      {
        "code": "X",
        "data": 1,
        "pos": 41,
        "refPos": 42
      },
      {
        "code": "X",
        "data": 1,
        "pos": 42,
        "refPos": 43
      },
      {
        "code": "X",
        "data": 2,
        "pos": 44,
        "refPos": 45
      },
      {
        "code": "X",
        "data": 0,
        "pos": 45,
        "refPos": 46
      },
      {
        "code": "X",
        "data": 1,
        "pos": 47,
        "refPos": 48
      },
      {
        "code": "X",
        "data": 1,
        "pos": 48,
        "refPos": 49
      },
      {
        "code": "X",
        "data": 2,
        "pos": 50,
        "refPos": 51
      },
      {
        "code": "X",
        "data": 0,
        "pos": 51,
        "refPos": 52
      },
      {
        "code": "X",
        "data": 1,
        "pos": 53,
        "refPos": 54
      },
      {
        "code": "X",
        "data": 1,
        "pos": 54,
        "refPos": 55
      },
      {
        "code": "X",
        "data": 2,
        "pos": 56,
        "refPos": 57
      },
      {
        "code": "X",
        "data": 0,
        "pos": 57,
        "refPos": 58
      },
      {
        "code": "X",
        "data": 1,
        "pos": 59,
        "refPos": 60
      },
      {
        "code": "X",
        "data": 1,
        "pos": 60,
        "refPos": 61
      },
      {
        "code": "X",
        "data": 2,
        "pos": 62,
        "refPos": 63
      },
      {
        "code": "X",
        "data": 0,
        "pos": 63,
        "refPos": 64
      },
      {
        "code": "X",
        "data": 1,
        "pos": 65,
        "refPos": 66
      },
      {
        "code": "X",
        "data": 1,
        "pos": 66,
        "refPos": 67
      },
      {
        "code": "X",
        "data": 2,
        "pos": 68,
        "refPos": 69
      },
      {
        "code": "X",
        "data": 0,
        "pos": 69,
        "refPos": 70
      },
      {
        "code": "X",
        "data": 1,
        "pos": 71,
        "refPos": 72
      },
      {
        "code": "X",
        "data": 1,
        "pos": 72,
        "refPos": 73
      },
      {
        "code": "X",
        "data": 2,
        "pos": 74,
        "refPos": 75
      },
      {
        "code": "X",
        "data": 0,
        "pos": 75,
        "refPos": 76
      },
      {
        "code": "X",
        "data": 1,
        "pos": 77,
        "refPos": 78
      },
      {
        "code": "X",
        "data": 1,
        "pos": 78,
        "refPos": 79
      },
      {
        "code": "X",
        "data": 2,
        "pos": 80,
        "refPos": 81
      },
      {
        "code": "X",
        "data": 0,
        "pos": 81,
        "refPos": 82
      },
      {
        "code": "X",
        "data": 1,
        "pos": 83,
        "refPos": 84
      },
      {
        "code": "X",
        "data": 1,
        "pos": 84,
        "refPos": 85
      },
      {
        "code": "X",
        "data": 2,
        "pos": 86,
        "refPos": 87
      },
      {
        "code": "X",
        "data": 0,
        "pos": 87,
        "refPos": 88
      },
      {
        "code": "X",
        "data": 1,
        "pos": 89,
        "refPos": 90
      },
      {
        "code": "X",
        "data": 1,
        "pos": 90,
        "refPos": 91
      },
      {
        "code": "X",
        "data": 2,
        "pos": 92,
        "refPos": 93
      },
      {
        "code": "X",
        "data": 0,
        "pos": 93,
        "refPos": 94
      },
      {
        "code": "X",
        "data": 1,
        "pos": 95,
        "refPos": 96
      },
      {
        "code": "X",
        "data": 1,
        "pos": 96,
        "refPos": 97
      },
      {
        "code": "X",
        "data": 2,
        "pos": 98,
        "refPos": 99
      },
      {
        "code": "X",
        "data": 0,
        "pos": 99,
        "refPos": 100
      }
    ],
    "mappingQuality": 1,
    "qualityScores": [
      2,
      2,
      2,
      2,
      2,
      2,
      2,
      2,
      2,
      2,
      2,
      2,
      2,
      2,
      2,
      2,
      2,
      2,
      2,
      2,
      2,
      2,
      2,
      2,
      2,
      2,
      2,
      2,
      2,
      31,
      33,
      30,
      23,
      33,
      30,
      33,
      32,
      31,
      31,
      35,
      35,
      33,
      34,
      35,
      35,
      34,
      33,
      34,
      31,
      34,
      35,
      34,
      35,
      34,
      34,
      34,
      34,
      34,
      34,
      34,
      34,
      34,
      34,
      34,
      34,
      34,
      34,
      34,
      34,
      34,
      34,
      34,
      34,
      34,
      34,
      34,
      34,
      34,
      34,
      34,
      34,
      34,
      34,
      34,
      34,
      34,
      34,
      34,
      34,
      34,
      34,
      34,
      34,
      34,
      34,
      34,
      34,
      34,
      34,
      34
    ],
    "uniqueId": 4
  },
  {
    "tags": {
      "CT": "+;STOP"
    },
    "flags": 768,
    "cramFlags": 3,
    "sequenceId": 0,
    "readLength": 1,
    "alignmentStart": 2,
    "readGroupId": -1,
    "readName": "*",
    "templateSize": 0,
    "mappingQuality": 255,
    "qualityScores": [
      255
    ],
    "uniqueId": 5
  },
  {
    "tags": {
      "CT": "+;COMM;Note=consensus%0Amulti%09line%0Atag%0A!\"#$%25^&*()_+<>?:@~{}%7C%0A1234567890-=[]'%3B#,./\\"
    },
    "flags": 768,
    "cramFlags": 3,
    "sequenceId": 0,
    "readLength": 2,
    "alignmentStart": 28,
    "readGroupId": -1,
    "readName": "*",
    "templateSize": 0,
    "mappingQuality": 255,
    "qualityScores": [
      255,
      255
    ],
    "uniqueId": 6
  },
  {
    "tags": {
      "CT": "+;STOP"
    },
    "flags": 768,
    "cramFlags": 3,
    "sequenceId": 0,
    "readLength": 1,
    "alignmentStart": 101,
    "readGroupId": -1,
    "readName": "*",
    "templateSize": 0,
    "mappingQuality": 255,
    "qualityScores": [
      255
    ],
    "uniqueId": 7
  }
]