[
  {
    "tags": {
      "XG": 1,
      "XM": 5,
      "XN": 0,
      "XO": 1,
      "AS": -18,
      "XS": -18,
      "YT": "UU"
    },
    "flags": 16,
    "compressionFlags": 3,
    "sequenceId": 0,
    "readLength": 100,
    "alignmentStart": 0,
    "readGroupId": -1,
    "readName": "SRR065390.14978392",
    "readFeatures": [
      {
        "operator": "X",
        "position": 5,
        "data": 1
      },
      {
        "operator": "X",
        "position": 6,
        "data": 1
      },
      {
        "operator": "X",
        "position": 12,
        "data": 1
      },
      {
        "operator": "X",
        "position": 18,
        "data": 1
      },
      {
        "operator": "X",
        "position": 24,
        "data": 1
      },
      {
        "operator": "D",
        "position": 28,
        "data": 1
      }
    ],
    "mappingQuality": 1
  },
  {
    "tags": {
      "XG": 0,
      "XM": 3,
      "XN": 0,
      "XO": 0,
      "AS": -6,
      "XS": -13,
      "YT": "UU"
    },
    "flags": 16,
    "compressionFlags": 3,
    "sequenceId": 0,
    "readLength": 100,
    "alignmentStart": 1,
    "readGroupId": -1,
    "readName": "SRR065390.921023",
    "readFeatures": [
      {
        "operator": "X",
        "position": 11,
        "data": 0
      },
      {
        "operator": "X",
        "position": 12,
        "data": 2
      },
      {
        "operator": "X",
        "position": 23,
        "data": 1
      }
    ],
    "mappingQuality": 12
  },
  {
    "tags": {
      "XG": 0,
      "XM": 0,
      "XN": 0,
      "XO": 0,
      "AS": 0,
      "XS": 0,
      "YT": "UU"
    },
    "flags": 16,
    "compressionFlags": 3,
    "sequenceId": 0,
    "readLength": 100,
    "alignmentStart": 1,
    "readGroupId": -1,
    "readName": "SRR065390.1871511",
    "mappingQuality": 1
  },
  {
    "tags": {
      "XG": 0,
      "XM": 0,
      "XN": 0,
      "XO": 0,
      "AS": 0,
      "XS": 0,
      "YT": "UU"
    },
    "flags": 16,
    "compressionFlags": 3,
    "sequenceId": 0,
    "readLength": 100,
    "alignmentStart": 1,
    "readGroupId": -1,
    "readName": "SRR065390.3743423",
    "mappingQuality": 1
  },
  {
    "tags": {
      "XG": 0,
      "XM": 0,
      "XN": 0,
      "XO": 0,
      "AS": 0,
      "XS": 0,
      "YT": "UU"
    },
    "flags": 16,
    "compressionFlags": 3,
    "sequenceId": 0,
    "readLength": 100,
    "alignmentStart": 1,
    "readGroupId": -1,
    "readName": "SRR065390.4251890",
    "mappingQuality": 1
  },
  {
    "tags": {
      "XG": 0,
      "XM": 0,
      "XN": 0,
      "XO": 0,
      "AS": 0,
      "XS": 0,
      "YT": "UU"
    },
    "flags": 16,
    "compressionFlags": 3,
    "sequenceId": 0,
    "readLength": 100,
    "alignmentStart": 1,
    "readGroupId": -1,
    "readName": "SRR065390.5238868",
    "mappingQuality": 1
  },
  {
    "tags": {
      "XG": 0,
      "XM": 3,
      "XN": 0,
      "XO": 0,
      "AS": -6,
      "XS": -6,
      "YT": "UU"
    },
    "flags": 0,
    "compressionFlags": 3,
    "sequenceId": 0,
    "readLength": 100,
    "alignmentStart": 1,
    "readGroupId": -1,
    "readName": "SRR065390.6023338",
    "readFeatures": [
      {
        "operator": "X",
        "position": 95,
        "data": 0
      },
      {
        "operator": "X",
        "position": 96,
        "data": 1
      },
      {
        "operator": "X",
        "position": 100,
        "data": 0
      }
    ],
    "mappingQuality": 1
  },
  {
    "tags": {
      "XG": 0,
      "XM": 0,
      "XN": 0,
      "XO": 0,
      "AS": 0,
      "XS": 0,
      "YT": "UU"
    },
    "flags": 16,
    "compressionFlags": 3,
    "sequenceId": 0,
    "readLength": 100,
    "alignmentStart": 0,
    "readGroupId": -1,
    "readName": "SRR065390.6815812",
    "mappingQuality": 1
  },
  {
    "tags": {
      "XG": 0,
      "XM": 0,
      "XN": 0,
      "XO": 0,
      "AS": 0,
      "XS": 0,
      "YT": "UU"
    },
    "flags": 16,
    "compressionFlags": 3,
    "sequenceId": 0,
    "readLength": 100,
    "alignmentStart": 0,
    "readGroupId": -1,
    "readName": "SRR065390.6905811",
    "mappingQuality": 1
  },
  {
    "tags": {
      "XG": 0,
      "XM": 0,
      "XN": 0,
      "XO": 0,
      "AS": 0,
      "XS": 0,
      "YT": "UU"
    },
    "flags": 16,
    "compressionFlags": 3,
    "sequenceId": 0,
    "readLength": 100,
    "alignmentStart": 0,
    "readGroupId": -1,
    "readName": "SRR065390.8289592",
    "mappingQuality": 1
  }
]
