[
  {
    "tags": {
      "X0": 1,
      "X1": 0,
      "XG": 0,
      "AM": 37,
      "SM": 37,
      "XM": 0,
      "XO": 0,
      "BQ": "@@@@@@@@@@@@@@@@@@@@@@@@@@@@@@@@@@@@@@@@@@@@@@@@@@@@@@@@@@@@@@@@@@@@@@@@@@@@@@@@@@@@@@@@@@@@@@@@@@@@@",
      "MQ": 60,
      "OQ": "HHHHHHHHHHHHHHHHHHHHHHHHHHHHHHHHHHHHHHHHHHHHHHHHHHHHGGHHGGGGHHHHHIHHHHHHHHHHHHHHHHHHHHHGBH6ADAAHHHHGB",
      "XT": "U"
    },
    "flags": 163,
    "compressionFlags": 3,
    "sequenceId": 0,
    "readLength": 101,
    "alignmentStart": 0,
    "readGroupId": 2,
    "readName": "a",
    "readFeatures": [
      {
        "operator": "X",
        "position": 2,
        "data": 0
      },
      {
        "operator": "X",
        "position": 4,
        "data": 2
      },
      {
        "operator": "X",
        "position": 5,
        "data": 1
      },
      {
        "operator": "X",
        "position": 6,
        "data": 2
      },
      {
        "operator": "X",
        "position": 7,
        "data": 2
      },
      {
        "operator": "X",
        "position": 8,
        "data": 2
      },
      {
        "operator": "X",
        "position": 9,
        "data": 2
      },
      {
        "operator": "X",
        "position": 12,
        "data": 1
      },
      {
        "operator": "X",
        "position": 13,
        "data": 2
      },
      {
        "operator": "X",
        "position": 17,
        "data": 2
      },
      {
        "operator": "X",
        "position": 18,
        "data": 2
      },
      {
        "operator": "X",
        "position": 19,
        "data": 2
      },
      {
        "operator": "X",
        "position": 20,
        "data": 2
      },
      {
        "operator": "X",
        "position": 21,
        "data": 2
      },
      {
        "operator": "X",
        "position": 22,
        "data": 0
      },
      {
        "operator": "X",
        "position": 23,
        "data": 0
      },
      {
        "operator": "X",
        "position": 24,
        "data": 0
      },
      {
        "operator": "X",
        "position": 25,
        "data": 2
      },
      {
        "operator": "X",
        "position": 26,
        "data": 1
      },
      {
        "operator": "X",
        "position": 28,
        "data": 0
      },
      {
        "operator": "X",
        "position": 30,
        "data": 0
      },
      {
        "operator": "X",
        "position": 31,
        "data": 1
      },
      {
        "operator": "X",
        "position": 32,
        "data": 2
      },
      {
        "operator": "X",
        "position": 33,
        "data": 2
      },
      {
        "operator": "X",
        "position": 34,
        "data": 2
      },
      {
        "operator": "X",
        "position": 35,
        "data": 2
      },
      {
        "operator": "X",
        "position": 36,
        "data": 0
      },
      {
        "operator": "X",
        "position": 37,
        "data": 1
      },
      {
        "operator": "X",
        "position": 38,
        "data": 2
      },
      {
        "operator": "X",
        "position": 39,
        "data": 2
      },
      {
        "operator": "X",
        "position": 40,
        "data": 0
      },
      {
        "operator": "X",
        "position": 41,
        "data": 2
      },
      {
        "operator": "X",
        "position": 42,
        "data": 0
      },
      {
        "operator": "X",
        "position": 43,
        "data": 2
      },
      {
        "operator": "X",
        "position": 45,
        "data": 0
      },
      {
        "operator": "X",
        "position": 46,
        "data": 0
      },
      {
        "operator": "X",
        "position": 47,
        "data": 2
      },
      {
        "operator": "X",
        "position": 49,
        "data": 2
      },
      {
        "operator": "X",
        "position": 50,
        "data": 1
      },
      {
        "operator": "X",
        "position": 51,
        "data": 2
      },
      {
        "operator": "X",
        "position": 52,
        "data": 2
      },
      {
        "operator": "X",
        "position": 54,
        "data": 1
      },
      {
        "operator": "X",
        "position": 55,
        "data": 2
      },
      {
        "operator": "X",
        "position": 58,
        "data": 2
      },
      {
        "operator": "X",
        "position": 59,
        "data": 2
      },
      {
        "operator": "X",
        "position": 60,
        "data": 1
      },
      {
        "operator": "X",
        "position": 63,
        "data": 1
      },
      {
        "operator": "X",
        "position": 65,
        "data": 1
      },
      {
        "operator": "X",
        "position": 66,
        "data": 2
      },
      {
        "operator": "X",
        "position": 67,
        "data": 2
      },
      {
        "operator": "X",
        "position": 68,
        "data": 2
      },
      {
        "operator": "X",
        "position": 70,
        "data": 2
      },
      {
        "operator": "X",
        "position": 71,
        "data": 2
      },
      {
        "operator": "X",
        "position": 73,
        "data": 0
      },
      {
        "operator": "X",
        "position": 74,
        "data": 0
      },
      {
        "operator": "X",
        "position": 75,
        "data": 2
      },
      {
        "operator": "X",
        "position": 76,
        "data": 0
      },
      {
        "operator": "X",
        "position": 77,
        "data": 2
      },
      {
        "operator": "X",
        "position": 78,
        "data": 2
      },
      {
        "operator": "X",
        "position": 79,
        "data": 0
      },
      {
        "operator": "X",
        "position": 80,
        "data": 2
      },
      {
        "operator": "X",
        "position": 82,
        "data": 0
      },
      {
        "operator": "X",
        "position": 83,
        "data": 1
      },
      {
        "operator": "X",
        "position": 84,
        "data": 2
      },
      {
        "operator": "X",
        "position": 85,
        "data": 2
      },
      {
        "operator": "X",
        "position": 86,
        "data": 1
      },
      {
        "operator": "X",
        "position": 87,
        "data": 0
      },
      {
        "operator": "X",
        "position": 90,
        "data": 0
      },
      {
        "operator": "X",
        "position": 91,
        "data": 1
      },
      {
        "operator": "X",
        "position": 94,
        "data": 1
      },
      {
        "operator": "X",
        "position": 95,
        "data": 1
      },
      {
        "operator": "X",
        "position": 96,
        "data": 0
      },
      {
        "operator": "X",
        "position": 100,
        "data": 1
      },
      {
        "operator": "X",
        "position": 101,
        "data": 0
      },
      {
        "operator": "X",
        "position": 103,
        "data": 0
      }
    ],
    "mappingQuality": 0
  },
  {
    "tags": {
      "X0": 1,
      "X1": 0,
      "XG": 0,
      "AM": 37,
      "SM": 37,
      "XM": 0,
      "XO": 0,
      "BQ": "@@@@@@@@@@@@@@@@@@@@@@@@@@@@@@@@@@@@@@@@@@@@@@@@@@@@@@@@@@@@@@@@@@@@@@@@@@@@@@@@@@@@@@@@@@@@@@@@@@@@@",
      "MQ": 60,
      "OQ": "HHHHHHHHHHHHHHHHHHHHHHHHHHHHHHHHHHHHHHHHHHHHHHHHHHHHGGHHGGGEHHHHHIHHHHHHHHHHHHHHHHEHHHHHHHHHHHEFFFBF#",
      "XT": "U"
    },
    "flags": 163,
    "compressionFlags": 3,
    "sequenceId": 0,
    "readLength": 101,
    "alignmentStart": 0,
    "readGroupId": 4,
    "readName": "b",
    "readFeatures": [
      {
        "operator": "X",
        "position": 2,
        "data": 2
      },
      {
        "operator": "X",
        "position": 3,
        "data": 1
      },
      {
        "operator": "X",
        "position": 4,
        "data": 2
      },
      {
        "operator": "X",
        "position": 5,
        "data": 2
      },
      {
        "operator": "X",
        "position": 6,
        "data": 2
      },
      {
        "operator": "X",
        "position": 7,
        "data": 2
      },
      {
        "operator": "X",
        "position": 10,
        "data": 1
      },
      {
        "operator": "X",
        "position": 11,
        "data": 2
      },
      {
        "operator": "X",
        "position": 15,
        "data": 2
      },
      {
        "operator": "X",
        "position": 16,
        "data": 2
      },
      {
        "operator": "X",
        "position": 17,
        "data": 2
      },
      {
        "operator": "X",
        "position": 18,
        "data": 2
      },
      {
        "operator": "X",
        "position": 19,
        "data": 2
      },
      {
        "operator": "X",
        "position": 20,
        "data": 0
      },
      {
        "operator": "X",
        "position": 21,
        "data": 0
      },
      {
        "operator": "X",
        "position": 22,
        "data": 0
      },
      {
        "operator": "X",
        "position": 23,
        "data": 2
      },
      {
        "operator": "X",
        "position": 24,
        "data": 1
      },
      {
        "operator": "X",
        "position": 26,
        "data": 0
      },
      {
        "operator": "X",
        "position": 28,
        "data": 0
      },
      {
        "operator": "X",
        "position": 29,
        "data": 1
      },
      {
        "operator": "X",
        "position": 30,
        "data": 2
      },
      {
        "operator": "X",
        "position": 31,
        "data": 2
      },
      {
        "operator": "X",
        "position": 32,
        "data": 2
      },
      {
        "operator": "X",
        "position": 33,
        "data": 2
      },
      {
        "operator": "X",
        "position": 34,
        "data": 0
      },
      {
        "operator": "X",
        "position": 35,
        "data": 1
      },
      {
        "operator": "X",
        "position": 36,
        "data": 2
      },
      {
        "operator": "X",
        "position": 37,
        "data": 2
      },
      {
        "operator": "X",
        "position": 38,
        "data": 0
      },
      {
        "operator": "X",
        "position": 39,
        "data": 2
      },
      {
        "operator": "X",
        "position": 40,
        "data": 0
      },
      {
        "operator": "X",
        "position": 41,
        "data": 2
      },
      {
        "operator": "X",
        "position": 43,
        "data": 0
      },
      {
        "operator": "X",
        "position": 44,
        "data": 0
      },
      {
        "operator": "X",
        "position": 45,
        "data": 2
      },
      {
        "operator": "X",
        "position": 47,
        "data": 2
      },
      {
        "operator": "X",
        "position": 48,
        "data": 1
      },
      {
        "operator": "X",
        "position": 49,
        "data": 2
      },
      {
        "operator": "X",
        "position": 50,
        "data": 2
      },
      {
        "operator": "X",
        "position": 52,
        "data": 1
      },
      {
        "operator": "X",
        "position": 53,
        "data": 2
      },
      {
        "operator": "X",
        "position": 56,
        "data": 2
      },
      {
        "operator": "X",
        "position": 57,
        "data": 2
      },
      {
        "operator": "X",
        "position": 58,
        "data": 1
      },
      {
        "operator": "X",
        "position": 61,
        "data": 1
      },
      {
        "operator": "X",
        "position": 63,
        "data": 1
      },
      {
        "operator": "X",
        "position": 64,
        "data": 2
      },
      {
        "operator": "X",
        "position": 65,
        "data": 2
      },
      {
        "operator": "X",
        "position": 66,
        "data": 2
      },
      {
        "operator": "X",
        "position": 68,
        "data": 2
      },
      {
        "operator": "X",
        "position": 69,
        "data": 2
      },
      {
        "operator": "X",
        "position": 71,
        "data": 0
      },
      {
        "operator": "X",
        "position": 72,
        "data": 0
      },
      {
        "operator": "X",
        "position": 73,
        "data": 2
      },
      {
        "operator": "X",
        "position": 74,
        "data": 0
      },
      {
        "operator": "X",
        "position": 75,
        "data": 2
      },
      {
        "operator": "X",
        "position": 76,
        "data": 2
      },
      {
        "operator": "X",
        "position": 77,
        "data": 0
      },
      {
        "operator": "X",
        "position": 78,
        "data": 2
      },
      {
        "operator": "X",
        "position": 80,
        "data": 0
      },
      {
        "operator": "X",
        "position": 81,
        "data": 1
      },
      {
        "operator": "X",
        "position": 82,
        "data": 2
      },
      {
        "operator": "X",
        "position": 83,
        "data": 2
      },
      {
        "operator": "X",
        "position": 84,
        "data": 1
      },
      {
        "operator": "X",
        "position": 85,
        "data": 0
      },
      {
        "operator": "X",
        "position": 88,
        "data": 0
      },
      {
        "operator": "X",
        "position": 89,
        "data": 1
      },
      {
        "operator": "X",
        "position": 92,
        "data": 1
      },
      {
        "operator": "X",
        "position": 93,
        "data": 1
      },
      {
        "operator": "X",
        "position": 94,
        "data": 0
      },
      {
        "operator": "X",
        "position": 98,
        "data": 1
      },
      {
        "operator": "X",
        "position": 99,
        "data": 0
      },
      {
        "operator": "X",
        "position": 101,
        "data": 0
      }
    ],
    "mappingQuality": 60
  },
  {
    "tags": {
      "X0": 1,
      "X1": 0,
      "XG": 0,
      "AM": 37,
      "SM": 37,
      "XM": 0,
      "XO": 0,
      "BQ": "@@@@@@@@@@@@@@@@@@@@@@@@@@@@@@@@@@@@@@@@@@@@@@@@@@@@@@@@@@@@@@@@@@@@@@@@@@@@@@@@@@@@@@@@@@@@@@@@@@@@@",
      "MQ": 60,
      "OQ": "HHHHHHHHHHHHHHHHHHHHHHHHHHHHHHHHHHHHHHHHHHHHHHHHHHHHGGHHGGGGHHHHHHHHHHHHHHHHHHHHHHHHHHHHHHHHHHHHHHHHI",
      "XT": "U"
    },
    "flags": 1123,
    "compressionFlags": 3,
    "sequenceId": 0,
    "readLength": 101,
    "alignmentStart": 2,
    "readGroupId": 13,
    "readName": "c",
    "readFeatures": [
      {
        "operator": "X",
        "position": 2,
        "data": 2
      },
      {
        "operator": "X",
        "position": 3,
        "data": 1
      },
      {
        "operator": "X",
        "position": 4,
        "data": 2
      },
      {
        "operator": "X",
        "position": 5,
        "data": 2
      },
      {
        "operator": "X",
        "position": 6,
        "data": 2
      },
      {
        "operator": "X",
        "position": 7,
        "data": 2
      },
      {
        "operator": "X",
        "position": 10,
        "data": 1
      },
      {
        "operator": "X",
        "position": 11,
        "data": 2
      },
      {
        "operator": "X",
        "position": 15,
        "data": 2
      },
      {
        "operator": "X",
        "position": 16,
        "data": 2
      },
      {
        "operator": "X",
        "position": 17,
        "data": 2
      },
      {
        "operator": "X",
        "position": 18,
        "data": 2
      },
      {
        "operator": "X",
        "position": 19,
        "data": 2
      },
      {
        "operator": "X",
        "position": 20,
        "data": 0
      },
      {
        "operator": "X",
        "position": 21,
        "data": 0
      },
      {
        "operator": "X",
        "position": 22,
        "data": 0
      },
      {
        "operator": "X",
        "position": 23,
        "data": 2
      },
      {
        "operator": "X",
        "position": 24,
        "data": 1
      },
      {
        "operator": "X",
        "position": 26,
        "data": 0
      },
      {
        "operator": "X",
        "position": 28,
        "data": 0
      },
      {
        "operator": "X",
        "position": 29,
        "data": 1
      },
      {
        "operator": "X",
        "position": 30,
        "data": 2
      },
      {
        "operator": "X",
        "position": 31,
        "data": 2
      },
      {
        "operator": "X",
        "position": 32,
        "data": 2
      },
      {
        "operator": "X",
        "position": 33,
        "data": 2
      },
      {
        "operator": "X",
        "position": 34,
        "data": 0
      },
      {
        "operator": "X",
        "position": 35,
        "data": 1
      },
      {
        "operator": "X",
        "position": 36,
        "data": 2
      },
      {
        "operator": "X",
        "position": 37,
        "data": 2
      },
      {
        "operator": "X",
        "position": 38,
        "data": 0
      },
      {
        "operator": "X",
        "position": 39,
        "data": 2
      },
      {
        "operator": "X",
        "position": 40,
        "data": 0
      },
      {
        "operator": "X",
        "position": 41,
        "data": 2
      },
      {
        "operator": "X",
        "position": 43,
        "data": 0
      },
      {
        "operator": "X",
        "position": 44,
        "data": 0
      },
      {
        "operator": "X",
        "position": 45,
        "data": 2
      },
      {
        "operator": "X",
        "position": 47,
        "data": 2
      },
      {
        "operator": "X",
        "position": 48,
        "data": 1
      },
      {
        "operator": "X",
        "position": 49,
        "data": 2
      },
      {
        "operator": "X",
        "position": 50,
        "data": 2
      },
      {
        "operator": "X",
        "position": 52,
        "data": 1
      },
      {
        "operator": "X",
        "position": 53,
        "data": 2
      },
      {
        "operator": "X",
        "position": 56,
        "data": 2
      },
      {
        "operator": "X",
        "position": 57,
        "data": 2
      },
      {
        "operator": "X",
        "position": 58,
        "data": 1
      },
      {
        "operator": "X",
        "position": 61,
        "data": 1
      },
      {
        "operator": "X",
        "position": 63,
        "data": 1
      },
      {
        "operator": "X",
        "position": 64,
        "data": 2
      },
      {
        "operator": "X",
        "position": 65,
        "data": 2
      },
      {
        "operator": "X",
        "position": 66,
        "data": 2
      },
      {
        "operator": "X",
        "position": 68,
        "data": 2
      },
      {
        "operator": "X",
        "position": 69,
        "data": 2
      },
      {
        "operator": "X",
        "position": 71,
        "data": 0
      },
      {
        "operator": "X",
        "position": 72,
        "data": 0
      },
      {
        "operator": "X",
        "position": 73,
        "data": 2
      },
      {
        "operator": "X",
        "position": 74,
        "data": 0
      },
      {
        "operator": "X",
        "position": 75,
        "data": 2
      },
      {
        "operator": "X",
        "position": 76,
        "data": 2
      },
      {
        "operator": "X",
        "position": 77,
        "data": 0
      },
      {
        "operator": "X",
        "position": 78,
        "data": 2
      },
      {
        "operator": "X",
        "position": 80,
        "data": 0
      },
      {
        "operator": "X",
        "position": 81,
        "data": 1
      },
      {
        "operator": "X",
        "position": 82,
        "data": 2
      },
      {
        "operator": "X",
        "position": 83,
        "data": 2
      },
      {
        "operator": "X",
        "position": 84,
        "data": 1
      },
      {
        "operator": "X",
        "position": 85,
        "data": 0
      },
      {
        "operator": "X",
        "position": 88,
        "data": 0
      },
      {
        "operator": "X",
        "position": 89,
        "data": 1
      },
      {
        "operator": "X",
        "position": 92,
        "data": 1
      },
      {
        "operator": "X",
        "position": 93,
        "data": 1
      },
      {
        "operator": "X",
        "position": 94,
        "data": 0
      },
      {
        "operator": "X",
        "position": 98,
        "data": 1
      },
      {
        "operator": "X",
        "position": 99,
        "data": 0
      },
      {
        "operator": "X",
        "position": 100,
        "data": 0
      }
    ],
    "mappingQuality": 60
  },
  {
    "tags": {
      "X0": 1,
      "X1": 0,
      "XG": 0,
      "AM": 37,
      "SM": 37,
      "XM": 0,
      "XO": 0,
      "BQ": "@@@@@@@@@@@@@@@@@@@@@@@@@@@@@@@@@@@@@@@@@@@@@@@@@@@@@@@@@@@@@@@@@@@@@@@@@@@@@@@@@@@@@@@@@@@@@@@@@@@@@",
      "MQ": 60,
      "OQ": "@?A??A>AA@?A@@9??@BB@>A@@B@@AAAA@AA@A@ABAAA?AABBBB?AA>AAABBABAABBBABBBB?BBBBB@BB@BBB>?ABBBBBBBBABBBBB",
      "XT": "U"
    },
    "flags": 1123,
    "compressionFlags": 3,
    "sequenceId": 0,
    "readLength": 101,
    "alignmentStart": 2,
    "readGroupId": 10,
    "readName": "d",
    "readFeatures": [
      {
        "operator": "X",
        "position": 2,
        "data": 2
      },
      {
        "operator": "X",
        "position": 3,
        "data": 1
      },
      {
        "operator": "X",
        "position": 4,
        "data": 2
      },
      {
        "operator": "X",
        "position": 5,
        "data": 2
      },
      {
        "operator": "X",
        "position": 6,
        "data": 2
      },
      {
        "operator": "X",
        "position": 7,
        "data": 2
      },
      {
        "operator": "X",
        "position": 10,
        "data": 1
      },
      {
        "operator": "X",
        "position": 11,
        "data": 2
      },
      {
        "operator": "X",
        "position": 15,
        "data": 2
      },
      {
        "operator": "X",
        "position": 16,
        "data": 2
      },
      {
        "operator": "X",
        "position": 17,
        "data": 2
      },
      {
        "operator": "X",
        "position": 18,
        "data": 2
      },
      {
        "operator": "X",
        "position": 19,
        "data": 2
      },
      {
        "operator": "X",
        "position": 20,
        "data": 0
      },
      {
        "operator": "X",
        "position": 21,
        "data": 0
      },
      {
        "operator": "X",
        "position": 22,
        "data": 0
      },
      {
        "operator": "X",
        "position": 23,
        "data": 2
      },
      {
        "operator": "X",
        "position": 24,
        "data": 1
      },
      {
        "operator": "X",
        "position": 26,
        "data": 0
      },
      {
        "operator": "X",
        "position": 28,
        "data": 0
      },
      {
        "operator": "X",
        "position": 29,
        "data": 1
      },
      {
        "operator": "X",
        "position": 30,
        "data": 2
      },
      {
        "operator": "X",
        "position": 31,
        "data": 2
      },
      {
        "operator": "X",
        "position": 32,
        "data": 2
      },
      {
        "operator": "X",
        "position": 33,
        "data": 2
      },
      {
        "operator": "X",
        "position": 34,
        "data": 0
      },
      {
        "operator": "X",
        "position": 35,
        "data": 1
      },
      {
        "operator": "X",
        "position": 36,
        "data": 2
      },
      {
        "operator": "X",
        "position": 37,
        "data": 2
      },
      {
        "operator": "X",
        "position": 38,
        "data": 0
      },
      {
        "operator": "X",
        "position": 39,
        "data": 2
      },
      {
        "operator": "X",
        "position": 40,
        "data": 0
      },
      {
        "operator": "X",
        "position": 41,
        "data": 2
      },
      {
        "operator": "X",
        "position": 43,
        "data": 0
      },
      {
        "operator": "X",
        "position": 44,
        "data": 0
      },
      {
        "operator": "X",
        "position": 45,
        "data": 2
      },
      {
        "operator": "X",
        "position": 47,
        "data": 2
      },
      {
        "operator": "X",
        "position": 48,
        "data": 1
      },
      {
        "operator": "X",
        "position": 49,
        "data": 2
      },
      {
        "operator": "X",
        "position": 50,
        "data": 2
      },
      {
        "operator": "X",
        "position": 52,
        "data": 1
      },
      {
        "operator": "X",
        "position": 53,
        "data": 2
      },
      {
        "operator": "X",
        "position": 56,
        "data": 2
      },
      {
        "operator": "X",
        "position": 57,
        "data": 2
      },
      {
        "operator": "X",
        "position": 58,
        "data": 1
      },
      {
        "operator": "X",
        "position": 61,
        "data": 1
      },
      {
        "operator": "X",
        "position": 63,
        "data": 1
      },
      {
        "operator": "X",
        "position": 64,
        "data": 2
      },
      {
        "operator": "X",
        "position": 65,
        "data": 2
      },
      {
        "operator": "X",
        "position": 66,
        "data": 2
      },
      {
        "operator": "X",
        "position": 68,
        "data": 2
      },
      {
        "operator": "X",
        "position": 69,
        "data": 2
      },
      {
        "operator": "X",
        "position": 71,
        "data": 0
      },
      {
        "operator": "X",
        "position": 72,
        "data": 0
      },
      {
        "operator": "X",
        "position": 73,
        "data": 2
      },
      {
        "operator": "X",
        "position": 74,
        "data": 0
      },
      {
        "operator": "X",
        "position": 75,
        "data": 2
      },
      {
        "operator": "X",
        "position": 76,
        "data": 2
      },
      {
        "operator": "X",
        "position": 77,
        "data": 0
      },
      {
        "operator": "X",
        "position": 78,
        "data": 2
      },
      {
        "operator": "X",
        "position": 80,
        "data": 0
      },
      {
        "operator": "X",
        "position": 81,
        "data": 1
      },
      {
        "operator": "X",
        "position": 82,
        "data": 2
      },
      {
        "operator": "X",
        "position": 83,
        "data": 2
      },
      {
        "operator": "X",
        "position": 84,
        "data": 1
      },
      {
        "operator": "X",
        "position": 85,
        "data": 0
      },
      {
        "operator": "X",
        "position": 88,
        "data": 0
      },
      {
        "operator": "X",
        "position": 89,
        "data": 1
      },
      {
        "operator": "X",
        "position": 92,
        "data": 1
      },
      {
        "operator": "X",
        "position": 93,
        "data": 1
      },
      {
        "operator": "X",
        "position": 94,
        "data": 0
      },
      {
        "operator": "X",
        "position": 98,
        "data": 1
      },
      {
        "operator": "X",
        "position": 99,
        "data": 0
      },
      {
        "operator": "X",
        "position": 100,
        "data": 0
      },
      {
        "operator": "S",
        "position": 101,
        "data": "ACATCTCTATCCTTATGCCAGTACCACACTGGTGTGTTTACTAC"
      }
    ],
    "mappingQuality": 0
  },
  {
    "tags": {
      "XC": 1,
      "OQ": "#############################################A9;FFEA=7775441555544454.+7=59A4544444/54/114.9@99FEEEEE"
    },
    "flags": 69,
    "compressionFlags": 3,
    "sequenceId": 0,
    "readLength": 101,
    "alignmentStart": 2,
    "readGroupId": 4,
    "readName": "e",
    "readBases": "TTTCCATAGTGTAAAATGTTACTATGAAAAAAGTTTAACAAAACTGATGAAAAATTTGCCAAAAGACACTACAAACATCTCATTACAGAGATTGTGGAAGA"
  }
]