[
  {
    "tags": {
      "X0": 1,
      "X1": 0,
      "XG": 0,
      "AM": 37,
      "SM": 37,
      "XM": 0,
      "XO": 0,
      "BQ": "@@@@@@@@@@@@@@@@@@@@@@@@@@@@@@@@@@@@@@@@@@@@@@@@@@@@@@@@@@@@@@@@@@@@@@@@@@@@@@@@@@@@@@@@@@@@@@@@@@@@@",
      "MQ": 60,
      "OQ": "HHHHHHHHHHHHHHHHHHHHHHHHHHHHHHHHHHHHHHHHHHHHHHHHHHHHGGHHGGGGHHHHHIHHHHHHHHHHHHHHHHHHHHHGBH6ADAAHHHHGB",
      "XT": "U"
    },
    "flags": 163,
    "cramFlags": 3,
    "sequenceId": 0,
    "readLength": 101,
    "alignmentStart": 100009,
    "readGroupId": 2,
    "readName": "a",
    "mate": {
      "flags": 1,
      "sequenceID": 0,
      "alignmentStart": 100257
    },
    "templateSize": 348,
    "readFeatures": [
      {
        "code": "X",
        "pos": 2,
        "data": 0
      },
      {
        "code": "X",
        "pos": 4,
        "data": 2
      },
      {
        "code": "X",
        "pos": 5,
        "data": 1
      },
      {
        "code": "X",
        "pos": 6,
        "data": 2
      },
      {
        "code": "X",
        "pos": 7,
        "data": 2
      },
      {
        "code": "X",
        "pos": 8,
        "data": 2
      },
      {
        "code": "X",
        "pos": 9,
        "data": 2
      },
      {
        "code": "X",
        "pos": 12,
        "data": 1
      },
      {
        "code": "X",
        "pos": 13,
        "data": 2
      },
      {
        "code": "X",
        "pos": 17,
        "data": 2
      },
      {
        "code": "X",
        "pos": 18,
        "data": 2
      },
      {
        "code": "X",
        "pos": 19,
        "data": 2
      },
      {
        "code": "X",
        "pos": 20,
        "data": 2
      },
      {
        "code": "X",
        "pos": 21,
        "data": 2
      },
      {
        "code": "X",
        "pos": 22,
        "data": 0
      },
      {
        "code": "X",
        "pos": 23,
        "data": 0
      },
      {
        "code": "X",
        "pos": 24,
        "data": 0
      },
      {
        "code": "X",
        "pos": 25,
        "data": 2
      },
      {
        "code": "X",
        "pos": 26,
        "data": 1
      },
      {
        "code": "X",
        "pos": 28,
        "data": 0
      },
      {
        "code": "X",
        "pos": 30,
        "data": 0
      },
      {
        "code": "X",
        "pos": 31,
        "data": 1
      },
      {
        "code": "X",
        "pos": 32,
        "data": 2
      },
      {
        "code": "X",
        "pos": 33,
        "data": 2
      },
      {
        "code": "X",
        "pos": 34,
        "data": 2
      },
      {
        "code": "X",
        "pos": 35,
        "data": 2
      },
      {
        "code": "X",
        "pos": 36,
        "data": 0
      },
      {
        "code": "X",
        "pos": 37,
        "data": 1
      },
      {
        "code": "X",
        "pos": 38,
        "data": 2
      },
      {
        "code": "X",
        "pos": 39,
        "data": 2
      },
      {
        "code": "X",
        "pos": 40,
        "data": 0
      },
      {
        "code": "X",
        "pos": 41,
        "data": 2
      },
      {
        "code": "X",
        "pos": 42,
        "data": 0
      },
      {
        "code": "X",
        "pos": 43,
        "data": 2
      },
      {
        "code": "X",
        "pos": 45,
        "data": 0
      },
      {
        "code": "X",
        "pos": 46,
        "data": 0
      },
      {
        "code": "X",
        "pos": 47,
        "data": 2
      },
      {
        "code": "X",
        "pos": 49,
        "data": 2
      },
      {
        "code": "X",
        "pos": 50,
        "data": 1
      },
      {
        "code": "X",
        "pos": 51,
        "data": 2
      },
      {
        "code": "X",
        "pos": 52,
        "data": 2
      },
      {
        "code": "X",
        "pos": 54,
        "data": 1
      },
      {
        "code": "X",
        "pos": 55,
        "data": 2
      },
      {
        "code": "X",
        "pos": 58,
        "data": 2
      },
      {
        "code": "X",
        "pos": 59,
        "data": 2
      },
      {
        "code": "X",
        "pos": 60,
        "data": 1
      },
      {
        "code": "X",
        "pos": 63,
        "data": 1
      },
      {
        "code": "X",
        "pos": 65,
        "data": 1
      },
      {
        "code": "X",
        "pos": 66,
        "data": 2
      },
      {
        "code": "X",
        "pos": 67,
        "data": 2
      },
      {
        "code": "X",
        "pos": 68,
        "data": 2
      },
      {
        "code": "X",
        "pos": 70,
        "data": 2
      },
      {
        "code": "X",
        "pos": 71,
        "data": 2
      },
      {
        "code": "X",
        "pos": 73,
        "data": 0
      },
      {
        "code": "X",
        "pos": 74,
        "data": 0
      },
      {
        "code": "X",
        "pos": 75,
        "data": 2
      },
      {
        "code": "X",
        "pos": 76,
        "data": 0
      },
      {
        "code": "X",
        "pos": 77,
        "data": 2
      },
      {
        "code": "X",
        "pos": 78,
        "data": 2
      },
      {
        "code": "X",
        "pos": 79,
        "data": 0
      },
      {
        "code": "X",
        "pos": 80,
        "data": 2
      },
      {
        "code": "X",
        "pos": 82,
        "data": 0
      },
      {
        "code": "X",
        "pos": 83,
        "data": 1
      },
      {
        "code": "X",
        "pos": 84,
        "data": 2
      },
      {
        "code": "X",
        "pos": 85,
        "data": 2
      },
      {
        "code": "X",
        "pos": 86,
        "data": 1
      },
      {
        "code": "X",
        "pos": 87,
        "data": 0
      },
      {
        "code": "X",
        "pos": 90,
        "data": 0
      },
      {
        "code": "X",
        "pos": 91,
        "data": 1
      },
      {
        "code": "X",
        "pos": 94,
        "data": 1
      },
      {
        "code": "X",
        "pos": 95,
        "data": 1
      },
      {
        "code": "X",
        "pos": 96,
        "data": 0
      },
      {
        "code": "X",
        "pos": 100,
        "data": 1
      },
      {
        "code": "X",
        "pos": 101,
        "data": 0
      }
    ],
    "mappingQuality": 60,
    "qualityScores": [
      32,
      33,
      36,
      35,
      32,
      34,
      35,
      36,
      36,
      36,
      37,
      37,
      37,
      37,
      39,
      38,
      36,
      37,
      37,
      37,
      37,
      38,
      39,
      35,
      38,
      37,
      39,
      35,
      39,
      39,
      37,
      37,
      38,
      37,
      37,
      38,
      38,
      37,
      37,
      37,
      39,
      37,
      39,
      38,
      39,
      36,
      39,
      38,
      38,
      38,
      37,
      38,
      35,
      35,
      37,
      38,
      35,
      35,
      35,
      35,
      39,
      39,
      38,
      39,
      38,
      37,
      38,
      37,
      38,
      38,
      38,
      38,
      39,
      36,
      39,
      38,
      39,
      38,
      37,
      39,
      38,
      38,
      36,
      39,
      38,
      37,
      39,
      37,
      29,
      37,
      20,
      34,
      35,
      31,
      29,
      38,
      38,
      37,
      37,
      34,
      27
    ],
    "uniqueId": 0
  },
  {
    "tags": {
      "X0": 1,
      "X1": 0,
      "XG": 0,
      "AM": 37,
      "SM": 37,
      "XM": 0,
      "XO": 0,
      "BQ": "@@@@@@@@@@@@@@@@@@@@@@@@@@@@@@@@@@@@@@@@@@@@@@@@@@@@@@@@@@@@@@@@@@@@@@@@@@@@@@@@@@@@@@@@@@@@@@@@@@@@@",
      "MQ": 60,
      "OQ": "HHHHHHHHHHHHHHHHHHHHHHHHHHHHHHHHHHHHHHHHHHHHHHHHHHHHGGHHGGGEHHHHHIHHHHHHHHHHHHHHHHEHHHHHHHHHHHEFFFBF#",
      "XT": "U"
    },
    "flags": 163,
    "cramFlags": 3,
    "sequenceId": 0,
    "readLength": 101,
    "alignmentStart": 100009,
    "readGroupId": 4,
    "readName": "b",
    "mate": {
      "flags": 1,
      "sequenceID": 0,
      "alignmentStart": 100318
    },
    "templateSize": 409,
    "readFeatures": [
      {
        "code": "X",
        "pos": 2,
        "data": 0
      },
      {
        "code": "X",
        "pos": 4,
        "data": 2
      },
      {
        "code": "X",
        "pos": 5,
        "data": 1
      },
      {
        "code": "X",
        "pos": 6,
        "data": 2
      },
      {
        "code": "X",
        "pos": 7,
        "data": 2
      },
      {
        "code": "X",
        "pos": 8,
        "data": 2
      },
      {
        "code": "X",
        "pos": 9,
        "data": 2
      },
      {
        "code": "X",
        "pos": 12,
        "data": 1
      },
      {
        "code": "X",
        "pos": 13,
        "data": 2
      },
      {
        "code": "X",
        "pos": 17,
        "data": 2
      },
      {
        "code": "X",
        "pos": 18,
        "data": 2
      },
      {
        "code": "X",
        "pos": 19,
        "data": 2
      },
      {
        "code": "X",
        "pos": 20,
        "data": 2
      },
      {
        "code": "X",
        "pos": 21,
        "data": 2
      },
      {
        "code": "X",
        "pos": 22,
        "data": 0
      },
      {
        "code": "X",
        "pos": 23,
        "data": 0
      },
      {
        "code": "X",
        "pos": 24,
        "data": 0
      },
      {
        "code": "X",
        "pos": 25,
        "data": 2
      },
      {
        "code": "X",
        "pos": 26,
        "data": 1
      },
      {
        "code": "X",
        "pos": 28,
        "data": 0
      },
      {
        "code": "X",
        "pos": 30,
        "data": 0
      },
      {
        "code": "X",
        "pos": 31,
        "data": 1
      },
      {
        "code": "X",
        "pos": 32,
        "data": 2
      },
      {
        "code": "X",
        "pos": 33,
        "data": 2
      },
      {
        "code": "X",
        "pos": 34,
        "data": 2
      },
      {
        "code": "X",
        "pos": 35,
        "data": 2
      },
      {
        "code": "X",
        "pos": 36,
        "data": 0
      },
      {
        "code": "X",
        "pos": 37,
        "data": 1
      },
      {
        "code": "X",
        "pos": 38,
        "data": 2
      },
      {
        "code": "X",
        "pos": 39,
        "data": 2
      },
      {
        "code": "X",
        "pos": 40,
        "data": 0
      },
      {
        "code": "X",
        "pos": 41,
        "data": 2
      },
      {
        "code": "X",
        "pos": 42,
        "data": 0
      },
      {
        "code": "X",
        "pos": 43,
        "data": 2
      },
      {
        "code": "X",
        "pos": 45,
        "data": 0
      },
      {
        "code": "X",
        "pos": 46,
        "data": 0
      },
      {
        "code": "X",
        "pos": 47,
        "data": 2
      },
      {
        "code": "X",
        "pos": 49,
        "data": 2
      },
      {
        "code": "X",
        "pos": 50,
        "data": 1
      },
      {
        "code": "X",
        "pos": 51,
        "data": 2
      },
      {
        "code": "X",
        "pos": 52,
        "data": 2
      },
      {
        "code": "X",
        "pos": 54,
        "data": 1
      },
      {
        "code": "X",
        "pos": 55,
        "data": 2
      },
      {
        "code": "X",
        "pos": 58,
        "data": 2
      },
      {
        "code": "X",
        "pos": 59,
        "data": 2
      },
      {
        "code": "X",
        "pos": 60,
        "data": 1
      },
      {
        "code": "X",
        "pos": 63,
        "data": 1
      },
      {
        "code": "X",
        "pos": 65,
        "data": 1
      },
      {
        "code": "X",
        "pos": 66,
        "data": 2
      },
      {
        "code": "X",
        "pos": 67,
        "data": 2
      },
      {
        "code": "X",
        "pos": 68,
        "data": 2
      },
      {
        "code": "X",
        "pos": 70,
        "data": 2
      },
      {
        "code": "X",
        "pos": 71,
        "data": 2
      },
      {
        "code": "X",
        "pos": 73,
        "data": 0
      },
      {
        "code": "X",
        "pos": 74,
        "data": 0
      },
      {
        "code": "X",
        "pos": 75,
        "data": 2
      },
      {
        "code": "X",
        "pos": 76,
        "data": 0
      },
      {
        "code": "X",
        "pos": 77,
        "data": 2
      },
      {
        "code": "X",
        "pos": 78,
        "data": 2
      },
      {
        "code": "X",
        "pos": 79,
        "data": 0
      },
      {
        "code": "X",
        "pos": 80,
        "data": 2
      },
      {
        "code": "X",
        "pos": 82,
        "data": 0
      },
      {
        "code": "X",
        "pos": 83,
        "data": 1
      },
      {
        "code": "X",
        "pos": 84,
        "data": 2
      },
      {
        "code": "X",
        "pos": 85,
        "data": 2
      },
      {
        "code": "X",
        "pos": 86,
        "data": 1
      },
      {
        "code": "X",
        "pos": 87,
        "data": 0
      },
      {
        "code": "X",
        "pos": 90,
        "data": 0
      },
      {
        "code": "X",
        "pos": 91,
        "data": 1
      },
      {
        "code": "X",
        "pos": 94,
        "data": 1
      },
      {
        "code": "X",
        "pos": 95,
        "data": 1
      },
      {
        "code": "X",
        "pos": 96,
        "data": 0
      },
      {
        "code": "X",
        "pos": 100,
        "data": 1
      },
      {
        "code": "X",
        "pos": 101,
        "data": 0
      }
    ],
    "mappingQuality": 60,
    "qualityScores": [
      32,
      33,
      36,
      34,
      32,
      34,
      35,
      36,
      36,
      36,
      37,
      37,
      37,
      37,
      39,
      39,
      37,
      37,
      37,
      37,
      38,
      38,
      39,
      36,
      39,
      37,
      39,
      38,
      39,
      39,
      38,
      37,
      38,
      37,
      37,
      38,
      38,
      37,
      37,
      37,
      39,
      37,
      39,
      38,
      39,
      36,
      39,
      38,
      38,
      38,
      38,
      38,
      35,
      35,
      38,
      38,
      35,
      35,
      35,
      30,
      39,
      39,
      38,
      39,
      38,
      37,
      38,
      38,
      38,
      38,
      38,
      38,
      39,
      36,
      39,
      38,
      39,
      38,
      38,
      39,
      38,
      38,
      31,
      39,
      38,
      37,
      39,
      38,
      38,
      38,
      37,
      39,
      38,
      38,
      33,
      38,
      37,
      36,
      29,
      34,
      2
    ],
    "uniqueId": 1
  },
  {
    "tags": {
      "X0": 1,
      "X1": 0,
      "XG": 0,
      "AM": 37,
      "SM": 37,
      "XM": 0,
      "XO": 0,
      "MQ": 60,
      "OQ": "HHHHHHHHHHHHHHHHHHHHHHHHHHHHHHHHHHHHHHHHHHHHHHHHHHHHGGHHGGGGHHHHHHHHHHHHHHHHHHHHHHHHHHHHHHHHHHHHHHHHI",
      "XT": "U"
    },
    "flags": 1123,
    "cramFlags": 3,
    "sequenceId": 0,
    "readLength": 101,
    "alignmentStart": 100009,
    "readGroupId": 10,
    "readName": "c",
    "mate": {
      "flags": 1,
      "sequenceID": 0,
      "alignmentStart": 100257
    },
    "templateSize": 348,
    "readFeatures": [
      {
        "code": "X",
        "pos": 2,
        "data": 0
      },
      {
        "code": "X",
        "pos": 4,
        "data": 2
      },
      {
        "code": "X",
        "pos": 5,
        "data": 1
      },
      {
        "code": "X",
        "pos": 6,
        "data": 2
      },
      {
        "code": "X",
        "pos": 7,
        "data": 2
      },
      {
        "code": "X",
        "pos": 8,
        "data": 2
      },
      {
        "code": "X",
        "pos": 9,
        "data": 2
      },
      {
        "code": "X",
        "pos": 12,
        "data": 1
      },
      {
        "code": "X",
        "pos": 13,
        "data": 2
      },
      {
        "code": "X",
        "pos": 17,
        "data": 2
      },
      {
        "code": "X",
        "pos": 18,
        "data": 2
      },
      {
        "code": "X",
        "pos": 19,
        "data": 2
      },
      {
        "code": "X",
        "pos": 20,
        "data": 2
      },
      {
        "code": "X",
        "pos": 21,
        "data": 2
      },
      {
        "code": "X",
        "pos": 22,
        "data": 0
      },
      {
        "code": "X",
        "pos": 23,
        "data": 0
      },
      {
        "code": "X",
        "pos": 24,
        "data": 0
      },
      {
        "code": "X",
        "pos": 25,
        "data": 2
      },
      {
        "code": "X",
        "pos": 26,
        "data": 1
      },
      {
        "code": "X",
        "pos": 28,
        "data": 0
      },
      {
        "code": "X",
        "pos": 30,
        "data": 0
      },
      {
        "code": "X",
        "pos": 31,
        "data": 1
      },
      {
        "code": "X",
        "pos": 32,
        "data": 2
      },
      {
        "code": "X",
        "pos": 33,
        "data": 2
      },
      {
        "code": "X",
        "pos": 34,
        "data": 2
      },
      {
        "code": "X",
        "pos": 35,
        "data": 2
      },
      {
        "code": "X",
        "pos": 36,
        "data": 0
      },
      {
        "code": "X",
        "pos": 37,
        "data": 1
      },
      {
        "code": "X",
        "pos": 38,
        "data": 2
      },
      {
        "code": "X",
        "pos": 39,
        "data": 2
      },
      {
        "code": "X",
        "pos": 40,
        "data": 0
      },
      {
        "code": "X",
        "pos": 41,
        "data": 2
      },
      {
        "code": "X",
        "pos": 42,
        "data": 0
      },
      {
        "code": "X",
        "pos": 43,
        "data": 2
      },
      {
        "code": "X",
        "pos": 45,
        "data": 0
      },
      {
        "code": "X",
        "pos": 46,
        "data": 0
      },
      {
        "code": "X",
        "pos": 47,
        "data": 2
      },
      {
        "code": "X",
        "pos": 49,
        "data": 2
      },
      {
        "code": "X",
        "pos": 50,
        "data": 1
      },
      {
        "code": "X",
        "pos": 51,
        "data": 2
      },
      {
        "code": "X",
        "pos": 52,
        "data": 2
      },
      {
        "code": "X",
        "pos": 54,
        "data": 1
      },
      {
        "code": "X",
        "pos": 55,
        "data": 2
      },
      {
        "code": "X",
        "pos": 58,
        "data": 2
      },
      {
        "code": "X",
        "pos": 59,
        "data": 2
      },
      {
        "code": "X",
        "pos": 60,
        "data": 1
      },
      {
        "code": "X",
        "pos": 63,
        "data": 1
      },
      {
        "code": "X",
        "pos": 65,
        "data": 1
      },
      {
        "code": "X",
        "pos": 66,
        "data": 2
      },
      {
        "code": "X",
        "pos": 67,
        "data": 2
      },
      {
        "code": "X",
        "pos": 68,
        "data": 2
      },
      {
        "code": "X",
        "pos": 70,
        "data": 2
      },
      {
        "code": "X",
        "pos": 71,
        "data": 2
      },
      {
        "code": "X",
        "pos": 73,
        "data": 0
      },
      {
        "code": "X",
        "pos": 74,
        "data": 0
      },
      {
        "code": "X",
        "pos": 75,
        "data": 2
      },
      {
        "code": "X",
        "pos": 76,
        "data": 0
      },
      {
        "code": "X",
        "pos": 77,
        "data": 2
      },
      {
        "code": "X",
        "pos": 78,
        "data": 2
      },
      {
        "code": "X",
        "pos": 79,
        "data": 0
      },
      {
        "code": "X",
        "pos": 80,
        "data": 2
      },
      {
        "code": "X",
        "pos": 82,
        "data": 0
      },
      {
        "code": "X",
        "pos": 83,
        "data": 1
      },
      {
        "code": "X",
        "pos": 84,
        "data": 2
      },
      {
        "code": "X",
        "pos": 85,
        "data": 2
      },
      {
        "code": "X",
        "pos": 86,
        "data": 1
      },
      {
        "code": "X",
        "pos": 87,
        "data": 0
      },
      {
        "code": "X",
        "pos": 90,
        "data": 0
      },
      {
        "code": "X",
        "pos": 91,
        "data": 1
      },
      {
        "code": "X",
        "pos": 94,
        "data": 1
      },
      {
        "code": "X",
        "pos": 95,
        "data": 1
      },
      {
        "code": "X",
        "pos": 96,
        "data": 0
      },
      {
        "code": "X",
        "pos": 100,
        "data": 1
      },
      {
        "code": "X",
        "pos": 101,
        "data": 0
      }
    ],
    "mappingQuality": 60,
    "qualityScores": [
      35,
      34,
      37,
      36,
      37,
      38,
      38,
      38,
      37,
      37,
      37,
      37,
      37,
      37,
      39,
      39,
      37,
      38,
      38,
      38,
      37,
      38,
      39,
      36,
      39,
      37,
      39,
      38,
      39,
      39,
      38,
      37,
      38,
      37,
      38,
      38,
      38,
      37,
      38,
      37,
      39,
      37,
      39,
      38,
      39,
      36,
      39,
      38,
      38,
      38,
      37,
      39,
      35,
      35,
      37,
      39,
      36,
      36,
      35,
      34,
      39,
      39,
      38,
      39,
      38,
      37,
      38,
      37,
      39,
      39,
      38,
      38,
      39,
      36,
      39,
      37,
      39,
      38,
      37,
      39,
      38,
      38,
      36,
      39,
      38,
      37,
      39,
      38,
      37,
      37,
      37,
      39,
      38,
      38,
      37,
      39,
      37,
      38,
      38,
      37,
      35
    ],
    "uniqueId": 2
  },
  {
    "tags": {
      "X0": 1,
      "X1": 0,
      "XG": 0,
      "AM": 37,
      "SM": 37,
      "XM": 0,
      "XO": 0,
      "BQ": "@@@@@@@@@@@@@@@@@@@@@@@@@@@@@@@@@@@@@@@@@@@@@@@@@@@@@@@@@@@@@@@@@@@@@@@@@@@@@@@@@@@@@@@@@@@@@@@@@@@@@",
      "MQ": 60,
      "OQ": "@?A??A>AA@?A@@9??@BB@>A@@B@@AAAA@AA@A@ABAAA?AABBBB?AA>AAABBABAABBBABBBB?BBBBB@BB@BBB>?ABBBBBBBBABBBBB",
      "XT": "U"
    },
    "flags": 147,
    "cramFlags": 3,
    "sequenceId": 0,
    "readLength": 101,
    "alignmentStart": 100010,
    "readGroupId": 10,
    "readName": "d",
    "mate": {
      "flags": 0,
      "sequenceID": 0,
      "alignmentStart": 99760
    },
    "templateSize": -350,
    "readFeatures": [
      {
        "code": "X",
        "pos": 1,
        "data": 0
      },
      {
        "code": "X",
        "pos": 3,
        "data": 2
      },
      {
        "code": "X",
        "pos": 4,
        "data": 1
      },
      {
        "code": "X",
        "pos": 5,
        "data": 2
      },
      {
        "code": "X",
        "pos": 6,
        "data": 2
      },
      {
        "code": "X",
        "pos": 7,
        "data": 2
      },
      {
        "code": "X",
        "pos": 8,
        "data": 2
      },
      {
        "code": "X",
        "pos": 11,
        "data": 1
      },
      {
        "code": "X",
        "pos": 12,
        "data": 2
      },
      {
        "code": "X",
        "pos": 16,
        "data": 2
      },
      {
        "code": "X",
        "pos": 17,
        "data": 2
      },
      {
        "code": "X",
        "pos": 18,
        "data": 2
      },
      {
        "code": "X",
        "pos": 19,
        "data": 2
      },
      {
        "code": "X",
        "pos": 20,
        "data": 2
      },
      {
        "code": "X",
        "pos": 21,
        "data": 0
      },
      {
        "code": "X",
        "pos": 22,
        "data": 0
      },
      {
        "code": "X",
        "pos": 23,
        "data": 0
      },
      {
        "code": "X",
        "pos": 24,
        "data": 2
      },
      {
        "code": "X",
        "pos": 25,
        "data": 1
      },
      {
        "code": "X",
        "pos": 27,
        "data": 0
      },
      {
        "code": "X",
        "pos": 29,
        "data": 0
      },
      {
        "code": "X",
        "pos": 30,
        "data": 1
      },
      {
        "code": "X",
        "pos": 31,
        "data": 2
      },
      {
        "code": "X",
        "pos": 32,
        "data": 2
      },
      {
        "code": "X",
        "pos": 33,
        "data": 2
      },
      {
        "code": "X",
        "pos": 34,
        "data": 2
      },
      {
        "code": "X",
        "pos": 35,
        "data": 0
      },
      {
        "code": "X",
        "pos": 36,
        "data": 1
      },
      {
        "code": "X",
        "pos": 37,
        "data": 2
      },
      {
        "code": "X",
        "pos": 38,
        "data": 2
      },
      {
        "code": "X",
        "pos": 39,
        "data": 0
      },
      {
        "code": "X",
        "pos": 40,
        "data": 2
      },
      {
        "code": "X",
        "pos": 41,
        "data": 0
      },
      {
        "code": "X",
        "pos": 42,
        "data": 2
      },
      {
        "code": "X",
        "pos": 44,
        "data": 0
      },
      {
        "code": "X",
        "pos": 45,
        "data": 0
      },
      {
        "code": "X",
        "pos": 46,
        "data": 2
      },
      {
        "code": "X",
        "pos": 48,
        "data": 2
      },
      {
        "code": "X",
        "pos": 49,
        "data": 1
      },
      {
        "code": "X",
        "pos": 50,
        "data": 2
      },
      {
        "code": "X",
        "pos": 51,
        "data": 2
      },
      {
        "code": "X",
        "pos": 53,
        "data": 1
      },
      {
        "code": "X",
        "pos": 54,
        "data": 2
      },
      {
        "code": "X",
        "pos": 57,
        "data": 2
      },
      {
        "code": "X",
        "pos": 58,
        "data": 2
      },
      {
        "code": "X",
        "pos": 59,
        "data": 1
      },
      {
        "code": "X",
        "pos": 62,
        "data": 1
      },
      {
        "code": "X",
        "pos": 64,
        "data": 1
      },
      {
        "code": "X",
        "pos": 65,
        "data": 2
      },
      {
        "code": "X",
        "pos": 66,
        "data": 2
      },
      {
        "code": "X",
        "pos": 67,
        "data": 2
      },
      {
        "code": "X",
        "pos": 69,
        "data": 2
      },
      {
        "code": "X",
        "pos": 70,
        "data": 2
      },
      {
        "code": "X",
        "pos": 72,
        "data": 0
      },
      {
        "code": "X",
        "pos": 73,
        "data": 0
      },
      {
        "code": "X",
        "pos": 74,
        "data": 2
      },
      {
        "code": "X",
        "pos": 75,
        "data": 0
      },
      {
        "code": "X",
        "pos": 76,
        "data": 2
      },
      {
        "code": "X",
        "pos": 77,
        "data": 2
      },
      {
        "code": "X",
        "pos": 78,
        "data": 0
      },
      {
        "code": "X",
        "pos": 79,
        "data": 2
      },
      {
        "code": "X",
        "pos": 81,
        "data": 0
      },
      {
        "code": "X",
        "pos": 82,
        "data": 1
      },
      {
        "code": "X",
        "pos": 83,
        "data": 2
      },
      {
        "code": "X",
        "pos": 84,
        "data": 2
      },
      {
        "code": "X",
        "pos": 85,
        "data": 1
      },
      {
        "code": "X",
        "pos": 86,
        "data": 0
      },
      {
        "code": "X",
        "pos": 89,
        "data": 0
      },
      {
        "code": "X",
        "pos": 90,
        "data": 1
      },
      {
        "code": "X",
        "pos": 93,
        "data": 1
      },
      {
        "code": "X",
        "pos": 94,
        "data": 1
      },
      {
        "code": "X",
        "pos": 95,
        "data": 0
      },
      {
        "code": "X",
        "pos": 99,
        "data": 1
      },
      {
        "code": "X",
        "pos": 100,
        "data": 0
      },
      {
        "code": "X",
        "pos": 101,
        "data": 0
      }
    ],
    "mappingQuality": 60,
    "qualityScores": [
      34,
      38,
      34,
      36,
      37,
      37,
      34,
      34,
      34,
      37,
      32,
      36,
      38,
      35,
      30,
      36,
      36,
      36,
      35,
      38,
      36,
      34,
      34,
      36,
      34,
      33,
      36,
      34,
      37,
      33,
      35,
      33,
      37,
      33,
      38,
      33,
      36,
      32,
      36,
      37,
      35,
      35,
      36,
      36,
      36,
      36,
      37,
      37,
      34,
      36,
      35,
      37,
      32,
      29,
      37,
      35,
      37,
      35,
      38,
      35,
      36,
      33,
      37,
      36,
      37,
      36,
      35,
      39,
      39,
      38,
      36,
      35,
      38,
      38,
      38,
      39,
      38,
      36,
      39,
      37,
      35,
      38,
      38,
      37,
      32,
      33,
      36,
      37,
      37,
      35,
      38,
      36,
      35,
      36,
      36,
      35,
      35,
      34,
      35,
      36,
      33
    ],
    "uniqueId": 3
  },
  {
    "tags": {
      "X0": 1,
      "X1": 0,
      "XC": 57,
      "XG": 0,
      "AM": 37,
      "SM": 37,
      "XM": 0,
      "XO": 0,
      "MQ": 60,
      "OQ": "#############################################A9;FFEA=7775441555544454.+7=59A4544444/54/114.9@99FEEEEE",
      "XT": "U"
    },
    "flags": 1107,
    "cramFlags": 3,
    "sequenceId": 0,
    "readLength": 101,
    "alignmentStart": 100011,
    "readGroupId": 13,
    "readName": "e",
    "mate": {
      "flags": 0,
      "sequenceID": 0,
      "alignmentStart": 99694
    },
    "templateSize": -373,
    "readFeatures": [
      {
        "code": "S",
        "pos": 1,
        "data": "ACATCTCTATCCTTATGCCAGTACCACACTGGTGTGTTTACTAC"
      },
      {
        "code": "X",
        "pos": 46,
        "data": 2
      },
      {
        "code": "X",
        "pos": 47,
        "data": 1
      },
      {
        "code": "X",
        "pos": 48,
        "data": 2
      },
      {
        "code": "X",
        "pos": 49,
        "data": 2
      },
      {
        "code": "X",
        "pos": 50,
        "data": 2
      },
      {
        "code": "X",
        "pos": 51,
        "data": 2
      },
      {
        "code": "X",
        "pos": 54,
        "data": 1
      },
      {
        "code": "X",
        "pos": 55,
        "data": 2
      },
      {
        "code": "X",
        "pos": 59,
        "data": 2
      },
      {
        "code": "X",
        "pos": 60,
        "data": 2
      },
      {
        "code": "X",
        "pos": 61,
        "data": 2
      },
      {
        "code": "X",
        "pos": 62,
        "data": 2
      },
      {
        "code": "X",
        "pos": 63,
        "data": 2
      },
      {
        "code": "X",
        "pos": 64,
        "data": 0
      },
      {
        "code": "X",
        "pos": 65,
        "data": 0
      },
      {
        "code": "X",
        "pos": 66,
        "data": 0
      },
      {
        "code": "X",
        "pos": 67,
        "data": 2
      },
      {
        "code": "X",
        "pos": 68,
        "data": 1
      },
      {
        "code": "X",
        "pos": 70,
        "data": 0
      },
      {
        "code": "X",
        "pos": 72,
        "data": 0
      },
      {
        "code": "X",
        "pos": 73,
        "data": 1
      },
      {
        "code": "X",
        "pos": 74,
        "data": 2
      },
      {
        "code": "X",
        "pos": 75,
        "data": 2
      },
      {
        "code": "X",
        "pos": 76,
        "data": 2
      },
      {
        "code": "X",
        "pos": 77,
        "data": 2
      },
      {
        "code": "X",
        "pos": 78,
        "data": 0
      },
      {
        "code": "X",
        "pos": 79,
        "data": 1
      },
      {
        "code": "X",
        "pos": 80,
        "data": 2
      },
      {
        "code": "X",
        "pos": 81,
        "data": 2
      },
      {
        "code": "X",
        "pos": 82,
        "data": 0
      },
      {
        "code": "X",
        "pos": 83,
        "data": 2
      },
      {
        "code": "X",
        "pos": 84,
        "data": 0
      },
      {
        "code": "X",
        "pos": 85,
        "data": 2
      },
      {
        "code": "X",
        "pos": 87,
        "data": 0
      },
      {
        "code": "X",
        "pos": 88,
        "data": 0
      },
      {
        "code": "X",
        "pos": 89,
        "data": 2
      },
      {
        "code": "X",
        "pos": 91,
        "data": 2
      },
      {
        "code": "X",
        "pos": 92,
        "data": 1
      },
      {
        "code": "X",
        "pos": 93,
        "data": 2
      },
      {
        "code": "X",
        "pos": 94,
        "data": 2
      },
      {
        "code": "X",
        "pos": 96,
        "data": 1
      },
      {
        "code": "X",
        "pos": 97,
        "data": 2
      },
      {
        "code": "X",
        "pos": 100,
        "data": 2
      },
      {
        "code": "X",
        "pos": 101,
        "data": 2
      }
    ],
    "mappingQuality": 60,
    "qualityScores": [
      2,
      2,
      2,
      2,
      2,
      2,
      2,
      2,
      2,
      2,
      2,
      2,
      2,
      2,
      2,
      2,
      2,
      2,
      2,
      2,
      2,
      2,
      2,
      2,
      2,
      2,
      2,
      2,
      2,
      2,
      2,
      2,
      2,
      2,
      2,
      2,
      2,
      2,
      2,
      2,
      2,
      2,
      2,
      2,
      2,
      30,
      24,
      24,
      34,
      35,
      29,
      28,
      28,
      18,
      19,
      22,
      29,
      29,
      29,
      18,
      28,
      28,
      27,
      28,
      26,
      28,
      27,
      29,
      27,
      11,
      8,
      19,
      23,
      28,
      21,
      32,
      27,
      31,
      26,
      29,
      28,
      29,
      28,
      15,
      27,
      28,
      19,
      20,
      20,
      29,
      15,
      23,
      28,
      27,
      27,
      30,
      31,
      30,
      21,
      28,
      22
    ],
    "uniqueId": 4
  },
  {
    "tags": {
      "XC": 35,
      "OQ": "#####################################################################################################"
    },
    "flags": 69,
    "cramFlags": 3,
    "sequenceId": 0,
    "readLength": 101,
    "alignmentStart": 100013,
    "readGroupId": 4,
    "readName": "f",
    "mate": {
      "flags": 0,
      "sequenceID": 0,
      "alignmentStart": 100013
    },
    "templateSize": 0,
    "readBases": "AAAAAGTTTAACAAAACTGATGAAAAATTTGCCAAAAGACACTACAAACATCTCATTACAGAGATTGTGGAAGACCAAATAAATGATAAGCTATTGCAGGT",
    "qualityScores": [
      2,
      2,
      2,
      2,
      2,
      2,
      2,
      2,
      2,
      2,
      2,
      2,
      2,
      2,
      2,
      2,
      2,
      2,
      2,
      2,
      2,
      2,
      2,
      2,
      2,
      2,
      2,
      2,
      2,
      2,
      2,
      2,
      2,
      2,
      2,
      2,
      2,
      2,
      2,
      2,
      2,
      2,
      2,
      2,
      2,
      2,
      2,
      2,
      2,
      2,
      2,
      2,
      2,
      2,
      2,
      2,
      2,
      2,
      2,
      2,
      2,
      2,
      2,
      2,
      2,
      2,
      2,
      2,
      2,
      2,
      2,
      2,
      2,
      2,
      2,
      2,
      2,
      2,
      2,
      2,
      2,
      2,
      2,
      2,
      2,
      2,
      2,
      2,
      2,
      2,
      2,
      2,
      2,
      2,
      2,
      2,
      2,
      2,
      2,
      2,
      2
    ],
    "uniqueId": 5
  },
  {
    "tags": {
      "X0": 1,
      "X1": 0,
      "XC": 35,
      "XG": 0,
      "AM": 0,
      "SM": 37,
      "XM": 1,
      "XO": 0,
      "BQ": "@@@@@@@@@@@@@@@@@@@@@@@@@@@@@@@@@@@@@@@@@@@@@@@@@@@@@@@@@@@@@@@@@@@@@@@@@@@@@@@@@@@@@@@@@@@@@@@@@@@@@",
      "OQ": "#####################################################################################################",
      "XT": "U"
    },
    "flags": 137,
    "cramFlags": 3,
    "sequenceId": 0,
    "readLength": 101,
    "alignmentStart": 100013,
    "readGroupId": 4,
    "readName": "f",
    "mate": {
      "flags": 2,
      "sequenceID": 0,
      "alignmentStart": 100013
    },
    "templateSize": 0,
    "readFeatures": [
      {
        "code": "X",
        "pos": 1,
        "data": 1
      },
      {
        "code": "X",
        "pos": 2,
        "data": 2
      },
      {
        "code": "X",
        "pos": 3,
        "data": 2
      },
      {
        "code": "X",
        "pos": 4,
        "data": 2
      },
      {
        "code": "X",
        "pos": 5,
        "data": 2
      },
      {
        "code": "X",
        "pos": 8,
        "data": 1
      },
      {
        "code": "X",
        "pos": 9,
        "data": 2
      },
      {
        "code": "X",
        "pos": 13,
        "data": 2
      },
      {
        "code": "X",
        "pos": 14,
        "data": 2
      },
      {
        "code": "X",
        "pos": 15,
        "data": 2
      },
      {
        "code": "X",
        "pos": 16,
        "data": 2
      },
      {
        "code": "X",
        "pos": 17,
        "data": 2
      },
      {
        "code": "X",
        "pos": 18,
        "data": 0
      },
      {
        "code": "X",
        "pos": 19,
        "data": 0
      },
      {
        "code": "X",
        "pos": 20,
        "data": 0
      },
      {
        "code": "X",
        "pos": 21,
        "data": 2
      },
      {
        "code": "X",
        "pos": 22,
        "data": 1
      },
      {
        "code": "X",
        "pos": 24,
        "data": 0
      },
      {
        "code": "X",
        "pos": 26,
        "data": 0
      },
      {
        "code": "X",
        "pos": 27,
        "data": 1
      },
      {
        "code": "X",
        "pos": 29,
        "data": 2
      },
      {
        "code": "X",
        "pos": 30,
        "data": 2
      },
      {
        "code": "X",
        "pos": 31,
        "data": 2
      },
      {
        "code": "X",
        "pos": 32,
        "data": 0
      },
      {
        "code": "X",
        "pos": 33,
        "data": 1
      },
      {
        "code": "X",
        "pos": 34,
        "data": 2
      },
      {
        "code": "X",
        "pos": 35,
        "data": 2
      },
      {
        "code": "S",
        "pos": 36,
        "data": "CTCTATCTTCGCTTGTTTTTCCAGAGTGTTTTGACTCTCATTGCGGCATCCTTTGTCTTTCCATAA"
      }
    ],
    "mappingQuality": 37,
    "qualityScores": [
      2,
      2,
      2,
      2,
      2,
      2,
      2,
      2,
      2,
      2,
      2,
      2,
      2,
      2,
      2,
      2,
      2,
      2,
      2,
      2,
      2,
      2,
      2,
      2,
      2,
      2,
      2,
      2,
      2,
      2,
      2,
      2,
      2,
      2,
      2,
      2,
      2,
      2,
      2,
      2,
      2,
      2,
      2,
      2,
      2,
      2,
      2,
      2,
      2,
      2,
      2,
      2,
      2,
      2,
      2,
      2,
      2,
      2,
      2,
      2,
      2,
      2,
      2,
      2,
      2,
      2,
      2,
      2,
      2,
      2,
      2,
      2,
      2,
      2,
      2,
      2,
      2,
      2,
      2,
      2,
      2,
      2,
      2,
      2,
      2,
      2,
      2,
      2,
      2,
      2,
      2,
      2,
      2,
      2,
      2,
      2,
      2,
      2,
      2,
      2,
      2
    ],
    "uniqueId": 6
  }
]