[
  {
    "tags": {
      "aa": 1
    },
    "flags": 0,
    "cramFlags": 3,
    "sequenceId": 0,
    "readLength": 1,
    "alignmentStart": 1,
    "readGroupId": -1,
    "readName": "a1",
    "templateSize": 0,
    "mappingQuality": 1,
    "qualityScores": [
      2
    ],
    "uniqueId": 0
  },
  {
    "tags": {
      "aa": 1,
      "ab": 1
    },
    "flags": 0,
    "cramFlags": 3,
    "sequenceId": 0,
    "readLength": 1,
    "alignmentStart": 1,
    "readGroupId": -1,
    "readName": "a2",
    "templateSize": 0,
    "mappingQuality": 1,
    "qualityScores": [
      2
    ],
    "uniqueId": 1
  },
  {
    "tags": {
      "aa": 1,
      "ab": 1,
      "ac": 1
    },
    "flags": 0,
    "cramFlags": 3,
    "sequenceId": 0,
    "readLength": 1,
    "alignmentStart": 1,
    "readGroupId": -1,
    "readName": "a3",
    "templateSize": 0,
    "mappingQuality": 1,
    "qualityScores": [
      2
    ],
    "uniqueId": 2
  },
  {
    "tags": {
      "aa": 1,
      "ab": 1,
      "ac": 1,
      "ad": 1
    },
    "flags": 0,
    "cramFlags": 3,
    "sequenceId": 0,
    "readLength": 1,
    "alignmentStart": 1,
    "readGroupId": -1,
    "readName": "a4",
    "templateSize": 0,
    "mappingQuality": 1,
    "qualityScores": [
      2
    ],
    "uniqueId": 3
  },
  {
    "tags": {
      "aa": 1,
      "ab": 1,
      "ac": 1,
      "ad": 1,
      "ae": 1
    },
    "flags": 0,
    "cramFlags": 3,
    "sequenceId": 0,
    "readLength": 1,
    "alignmentStart": 1,
    "readGroupId": -1,
    "readName": "a5",
    "templateSize": 0,
    "mappingQuality": 1,
    "qualityScores": [
      2
    ],
    "uniqueId": 4
  },
  {
    "tags": {
      "aa": 1,
      "ab": 1,
      "ac": 1,
      "ad": 1,
      "ae": 1,
      "af": 1
    },
    "flags": 0,
    "cramFlags": 3,
    "sequenceId": 0,
    "readLength": 1,
    "alignmentStart": 1,
    "readGroupId": -1,
    "readName": "a6",
    "templateSize": 0,
    "mappingQuality": 1,
    "qualityScores": [
      2
    ],
    "uniqueId": 5
  },
  {
    "tags": {
      "aa": 1,
      "ab": 1,
      "ac": 1,
      "ad": 1,
      "ae": 1,
      "af": 1,
      "ag": 1
    },
    "flags": 0,
    "cramFlags": 3,
    "sequenceId": 0,
    "readLength": 1,
    "alignmentStart": 1,
    "readGroupId": -1,
    "readName": "a7",
    "templateSize": 0,
    "mappingQuality": 1,
    "qualityScores": [
      2
    ],
    "uniqueId": 6
  },
  {
    "tags": {
      "aa": 1,
      "ab": 1,
      "ac": 1,
      "ad": 1,
      "ae": 1,
      "af": 1,
      "ag": 1,
      "ah": 1
    },
    "flags": 0,
    "cramFlags": 3,
    "sequenceId": 0,
    "readLength": 1,
    "alignmentStart": 1,
    "readGroupId": -1,
    "readName": "a8",
    "templateSize": 0,
    "mappingQuality": 1,
    "qualityScores": [
      2
    ],
    "uniqueId": 7
  },
  {
    "tags": {
      "aa": 1,
      "ab": 1,
      "ac": 1,
      "ad": 1,
      "ae": 1,
      "af": 1,
      "ag": 1,
      "ah": 1,
      "ai": 1
    },
    "flags": 0,
    "cramFlags": 3,
    "sequenceId": 0,
    "readLength": 1,
    "alignmentStart": 1,
    "readGroupId": -1,
    "readName": "a9",
    "templateSize": 0,
    "mappingQuality": 1,
    "qualityScores": [
      2
    ],
    "uniqueId": 8
  },
  {
    "tags": {
      "aa": 1,
      "ab": 1,
      "ac": 1,
      "ad": 1,
      "ae": 1,
      "af": 1,
      "ag": 1,
      "ah": 1,
      "ai": 1,
      "aj": 1
    },
    "flags": 0,
    "cramFlags": 3,
    "sequenceId": 0,
    "readLength": 1,
    "alignmentStart": 1,
    "readGroupId": -1,
    "readName": "aA",
    "templateSize": 0,
    "mappingQuality": 1,
    "qualityScores": [
      2
    ],
    "uniqueId": 9
  }
]