[
  {
    "tags": {},
    "flags": 16,
    "cramFlags": 3,
    "sequenceId": 0,
    "readLength": 10,
    "alignmentStart": 4,
    "readGroupId": -1,
    "readName": "a2",
    "templateSize": 0,
    "readFeatures": [
      {
        "code": "H",
        "data": 5,
        "pos": 1,
        "refPos": 4
      },
      {
        "code": "H",
        "data": 5,
        "pos": 11,
        "refPos": 9
      }
    ],
    "mappingQuality": 1,
    "qualityScores": [
      255,
      255,
      255,
      255,
      255,
      255,
      255,
      255,
      255,
      255
    ],
    "uniqueId": 2
  }
]