[
  {
    "tags": {},
    "flags": 99,
    "cramFlags": 5,
    "sequenceId": 0,
    "readLength": 10,
    "alignmentStart": 1,
    "readGroupId": -1,
    "readName": "a1",
    "lengthOnRef": 10,
    "mappingQuality": 1,
    "qualityScores": [
      9,
      9,
      9,
      9,
      9,
      9,
      9,
      9,
      9,
      9
    ],
    "uniqueId": 397,
    "mate": {
      "sequenceId": 0,
      "alignmentStart": 11,
      "uniqueId": 400,
      "readName": "a1"
    },
    "templateLength": 20
  },
  {
    "tags": {},
    "flags": 147,
    "cramFlags": 1,
    "sequenceId": 0,
    "readLength": 10,
    "alignmentStart": 11,
    "readGroupId": -1,
    "readName": "a1",
    "lengthOnRef": 10,
    "mappingQuality": 1,
    "qualityScores": [
      9,
      9,
      9,
      9,
      9,
      9,
      9,
      9,
      9,
      9
    ],
    "uniqueId": 400,
    "mate": {
      "sequenceId": 0,
      "alignmentStart": 1,
      "uniqueId": 397,
      "readName": "a1"
    },
    "templateLength": 20
  },
  {
    "tags": {},
    "flags": 99,
    "cramFlags": 5,
    "sequenceId": 0,
    "readLength": 10,
    "alignmentStart": 1,
    "readGroupId": -1,
    "readName": "b1",
    "lengthOnRef": 10,
    "mappingQuality": 1,
    "qualityScores": [
      9,
      9,
      9,
      9,
      9,
      9,
      9,
      9,
      9,
      9
    ],
    "uniqueId": 398,
    "mate": {
      "sequenceId": 0,
      "alignmentStart": 11,
      "uniqueId": 401,
      "readName": "b1"
    },
    "templateLength": 20
  },
  {
    "tags": {},
    "flags": 147,
    "cramFlags": 1,
    "sequenceId": 0,
    "readLength": 10,
    "alignmentStart": 11,
    "readGroupId": -1,
    "readName": "b1",
    "lengthOnRef": 10,
    "mappingQuality": 1,
    "qualityScores": [
      9,
      9,
      9,
      9,
      9,
      9,
      9,
      9,
      9,
      9
    ],
    "uniqueId": 401,
    "mate": {
      "sequenceId": 0,
      "alignmentStart": 1,
      "uniqueId": 398,
      "readName": "b1"
    },
    "templateLength": 20
  },
  {
    "tags": {},
    "flags": 99,
    "cramFlags": 5,
    "sequenceId": 0,
    "readLength": 10,
    "alignmentStart": 1,
    "readGroupId": -1,
    "readName": "c1",
    "lengthOnRef": 10,
    "mappingQuality": 1,
    "qualityScores": [
      9,
      9,
      9,
      9,
      9,
      9,
      9,
      9,
      9,
      9
    ],
    "uniqueId": 399,
    "mate": {
      "sequenceId": 0,
      "alignmentStart": 11,
      "uniqueId": 402,
      "readName": "c1"
    },
    "templateLength": 20
  },
  {
    "tags": {},
    "flags": 147,
    "cramFlags": 1,
    "sequenceId": 0,
    "readLength": 10,
    "alignmentStart": 11,
    "readGroupId": -1,
    "readName": "c1",
    "lengthOnRef": 10,
    "mappingQuality": 1,
    "qualityScores": [
      9,
      9,
      9,
      9,
      9,
      9,
      9,
      9,
      9,
      9
    ],
    "uniqueId": 402,
    "mate": {
      "sequenceId": 0,
      "alignmentStart": 1,
      "uniqueId": 399,
      "readName": "c1"
    },
    "templateLength": 20
  }
]