[
  {
    "tags": {},
    "flags": 67,
    "cramFlags": 5,
    "sequenceId": 0,
    "readLength": 10,
    "alignmentStart": 1,
    "readGroupId": -1,
    "readName": "S",
    "recordsToNextFragment": 1,
    "mappingQuality": 1,
    "qualityScores": [
      9,
      9,
      9,
      9,
      9,
      9,
      9,
      9,
      9,
      9
    ],
    "uniqueId": 0
  },
  {
    "tags": {},
    "flags": 131,
    "cramFlags": 5,
    "sequenceId": 0,
    "readLength": 10,
    "alignmentStart": 11,
    "readGroupId": -1,
    "readName": "S",
    "recordsToNextFragment": 2,
    "mappingQuality": 1,
    "qualityScores": [
      9,
      9,
      9,
      9,
      9,
      9,
      9,
      9,
      9,
      9
    ],
    "uniqueId": 1
  },
  {
    "tags": {},
    "flags": 67,
    "cramFlags": 5,
    "sequenceId": 0,
    "readLength": 10,
    "alignmentStart": 1,
    "readGroupId": -1,
    "readName": "S",
    "recordsToNextFragment": 3,
    "mappingQuality": 1,
    "qualityScores": [
      9,
      9,
      9,
      9,
      9,
      9,
      9,
      9,
      9,
      9
    ],
    "uniqueId": 2
  },
  {
    "tags": {},
    "flags": 131,
    "cramFlags": 5,
    "sequenceId": 0,
    "readLength": 10,
    "alignmentStart": 11,
    "readGroupId": -1,
    "readName": "S",
    "recordsToNextFragment": 4,
    "mappingQuality": 1,
    "qualityScores": [
      9,
      9,
      9,
      9,
      9,
      9,
      9,
      9,
      9,
      9
    ],
    "uniqueId": 3
  },
  {
    "tags": {},
    "flags": 67,
    "cramFlags": 5,
    "sequenceId": 0,
    "readLength": 10,
    "alignmentStart": 1,
    "readGroupId": -1,
    "readName": "S",
    "recordsToNextFragment": 5,
    "mappingQuality": 1,
    "qualityScores": [
      9,
      9,
      9,
      9,
      9,
      9,
      9,
      9,
      9,
      9
    ],
    "uniqueId": 4
  },
  {
    "tags": {},
    "flags": 131,
    "cramFlags": 1,
    "sequenceId": 0,
    "readLength": 10,
    "alignmentStart": 11,
    "readGroupId": -1,
    "readName": "S",
    "mappingQuality": 1,
    "qualityScores": [
      9,
      9,
      9,
      9,
      9,
      9,
      9,
      9,
      9,
      9
    ],
    "uniqueId": 5
  }
]