[
  {
    "tags": {},
    "flags": 16,
    "cramFlags": 3,
    "sequenceId": 0,
    "readLength": 10,
    "alignmentStart": 1,
    "readGroupId": 0,
    "readName": "a1",
    "templateSize": 0,
    "lengthOnRef": 10,
    "mappingQuality": 1,
    "qualityScores": [
      9,
      9,
      9,
      9,
      9,
      9,
      9,
      9,
      9,
      9
    ],
    "uniqueId": 1
  },
  {
    "tags": {},
    "flags": 16,
    "cramFlags": 3,
    "sequenceId": 0,
    "readLength": 10,
    "alignmentStart": 11,
    "readGroupId": 0,
    "readName": "a2",
    "templateSize": 0,
    "lengthOnRef": 10,
    "mappingQuality": 1,
    "qualityScores": [
      9,
      9,
      9,
      9,
      9,
      9,
      9,
      9,
      9,
      9
    ],
    "uniqueId": 4
  },
  {
    "tags": {},
    "flags": 16,
    "cramFlags": 3,
    "sequenceId": 0,
    "readLength": 10,
    "alignmentStart": 1,
    "readGroupId": 1,
    "readName": "b1",
    "templateSize": 0,
    "lengthOnRef": 10,
    "mappingQuality": 1,
    "qualityScores": [
      9,
      9,
      9,
      9,
      9,
      9,
      9,
      9,
      9,
      9
    ],
    "uniqueId": 2
  },
  {
    "tags": {},
    "flags": 16,
    "cramFlags": 3,
    "sequenceId": 0,
    "readLength": 10,
    "alignmentStart": 11,
    "readGroupId": 1,
    "readName": "b2",
    "templateSize": 0,
    "lengthOnRef": 10,
    "mappingQuality": 1,
    "qualityScores": [
      9,
      9,
      9,
      9,
      9,
      9,
      9,
      9,
      9,
      9
    ],
    "uniqueId": 5
  },
  {
    "tags": {},
    "flags": 16,
    "cramFlags": 3,
    "sequenceId": 0,
    "readLength": 10,
    "alignmentStart": 1,
    "readGroupId": -1,
    "readName": "c1",
    "templateSize": 0,
    "lengthOnRef": 10,
    "mappingQuality": 1,
    "qualityScores": [
      9,
      9,
      9,
      9,
      9,
      9,
      9,
      9,
      9,
      9
    ],
    "uniqueId": 3
  },
  {
    "tags": {},
    "flags": 16,
    "cramFlags": 3,
    "sequenceId": 0,
    "readLength": 10,
    "alignmentStart": 11,
    "readGroupId": -1,
    "readName": "c2",
    "templateSize": 0,
    "lengthOnRef": 10,
    "mappingQuality": 1,
    "qualityScores": [
      9,
      9,
      9,
      9,
      9,
      9,
      9,
      9,
      9,
      9
    ],
    "uniqueId": 6
  }
]