[
  {
    "tags": {},
    "flags": 67,
    "cramFlags": 5,
    "sequenceId": 1,
    "readLength": 10,
    "alignmentStart": 1,
    "readGroupId": -1,
    "readName": "a1",
    "lengthOnRef": 10,
    "mappingQuality": 1,
    "qualityScores": [
      9,
      9,
      9,
      9,
      9,
      9,
      9,
      9,
      9,
      9
    ],
    "uniqueId": 4,
    "mate": {
      "sequenceId": 1,
      "alignmentStart": 6,
      "uniqueId": 5,
      "readName": "a1"
    },
    "templateLength": 15
  },
  {
    "tags": {},
    "flags": 3,
    "cramFlags": 1,
    "sequenceId": 1,
    "readLength": 10,
    "alignmentStart": 6,
    "readGroupId": -1,
    "readName": "a1",
    "lengthOnRef": 10,
    "mappingQuality": 1,
    "qualityScores": [
      9,
      9,
      9,
      9,
      9,
      9,
      9,
      9,
      9,
      9
    ],
    "uniqueId": 5,
    "mate": {
      "sequenceId": 1,
      "alignmentStart": 1,
      "uniqueId": 4,
      "readName": "a1"
    },
    "templateLength": 15
  }
]