[
  {
    "tags": {},
    "flags": 67,
    "cramFlags": 3,
    "sequenceId": 0,
    "readLength": 10,
    "alignmentStart": 1,
    "readGroupId": -1,
    "readName": "a1",
    "mate": {
      "flags": 0,
      "sequenceID": 0,
      "alignmentStart": 6
    },
    "templateSize": 20,
    "mappingQuality": 1,
    "qualityScores": 9,
    "uniqueId": 0
  },
  {
    "tags": {},
    "flags": 35,
    "cramFlags": 3,
    "sequenceId": 0,
    "readLength": 10,
    "alignmentStart": 6,
    "readGroupId": -1,
    "readName": "a1",
    "mate": {
      "flags": 1,
      "sequenceID": 0,
      "alignmentStart": 11
    },
    "templateSize": -20,
    "mappingQuality": 1,
    "qualityScores": 9,
    "uniqueId": 1
  },
  {
    "tags": {},
    "flags": 147,
    "cramFlags": 3,
    "sequenceId": 0,
    "readLength": 10,
    "alignmentStart": 11,
    "readGroupId": -1,
    "readName": "a1",
    "mate": {
      "flags": 0,
      "sequenceID": 0,
      "alignmentStart": 1
    },
    "templateSize": -20,
    "mappingQuality": 1,
    "qualityScores": 9,
    "uniqueId": 2
  }
]