[
  {
    "tags": {},
    "flags": 99,
    "cramFlags": 5,
    "sequenceId": 1,
    "readLength": 5,
    "alignmentStart": 1,
    "readGroupId": -1,
    "readName": "y1",
    "lengthOnRef": 5,
    "mappingQuality": 1,
    "qualityScores": [
      9,
      9,
      9,
      9,
      9
    ],
    "uniqueId": 9,
    "mate": {
      "sequenceId": 1,
      "alignmentStart": 16,
      "uniqueId": 10,
      "readName": "y1"
    },
    "templateLength": 20
  },
  {
    "tags": {},
    "flags": 147,
    "cramFlags": 1,
    "sequenceId": 1,
    "readLength": 5,
    "alignmentStart": 16,
    "readGroupId": -1,
    "readName": "y1",
    "lengthOnRef": 5,
    "mappingQuality": 1,
    "qualityScores": [
      9,
      9,
      9,
      9,
      9
    ],
    "uniqueId": 10,
    "mate": {
      "sequenceId": 1,
      "alignmentStart": 1,
      "uniqueId": 9,
      "readName": "y1"
    },
    "templateLength": 20
  },
  {
    "tags": {},
    "flags": 99,
    "cramFlags": 5,
    "sequenceId": 1,
    "readLength": 5,
    "alignmentStart": 7,
    "readGroupId": -1,
    "readName": "y2",
    "lengthOnRef": 5,
    "mappingQuality": 1,
    "qualityScores": [
      9,
      9,
      9,
      9,
      9
    ],
    "uniqueId": 11,
    "mate": {
      "sequenceId": 1,
      "alignmentStart": 10,
      "uniqueId": 12,
      "readName": "y2"
    },
    "templateLength": 8
  },
  {
    "tags": {},
    "flags": 147,
    "cramFlags": 1,
    "sequenceId": 1,
    "readLength": 5,
    "alignmentStart": 10,
    "readGroupId": -1,
    "readName": "y2",
    "lengthOnRef": 5,
    "mappingQuality": 1,
    "qualityScores": [
      9,
      9,
      9,
      9,
      9
    ],
    "uniqueId": 12,
    "mate": {
      "sequenceId": 1,
      "alignmentStart": 7,
      "uniqueId": 11,
      "readName": "y2"
    },
    "templateLength": 8
  },
  {
    "tags": {},
    "flags": 147,
    "cramFlags": 3,
    "sequenceId": 1,
    "readLength": 5,
    "alignmentStart": 7,
    "readGroupId": -1,
    "readName": "y3",
    "mate": {
      "flags": 0,
      "sequenceId": 1,
      "alignmentStart": 10
    },
    "templateSize": -2,
    "lengthOnRef": 5,
    "mappingQuality": 1,
    "qualityScores": [
      9,
      9,
      9,
      9,
      9
    ],
    "uniqueId": 13
  },
  {
    "tags": {},
    "flags": 99,
    "cramFlags": 3,
    "sequenceId": 1,
    "readLength": 5,
    "alignmentStart": 10,
    "readGroupId": -1,
    "readName": "y3",
    "mate": {
      "flags": 1,
      "sequenceId": 1,
      "alignmentStart": 7
    },
    "templateSize": 2,
    "lengthOnRef": 5,
    "mappingQuality": 1,
    "qualityScores": [
      9,
      9,
      9,
      9,
      9
    ],
    "uniqueId": 14
  },
  {
    "tags": {},
    "flags": 147,
    "cramFlags": 3,
    "sequenceId": 1,
    "readLength": 5,
    "alignmentStart": 1,
    "readGroupId": -1,
    "readName": "y4",
    "mate": {
      "flags": 0,
      "sequenceId": 1,
      "alignmentStart": 16
    },
    "templateSize": 10,
    "lengthOnRef": 5,
    "mappingQuality": 1,
    "qualityScores": [
      9,
      9,
      9,
      9,
      9
    ],
    "uniqueId": 15
  },
  {
    "tags": {},
    "flags": 99,
    "cramFlags": 3,
    "sequenceId": 1,
    "readLength": 5,
    "alignmentStart": 16,
    "readGroupId": -1,
    "readName": "y4",
    "mate": {
      "flags": 1,
      "sequenceId": 1,
      "alignmentStart": 1
    },
    "templateSize": -10,
    "lengthOnRef": 5,
    "mappingQuality": 1,
    "qualityScores": [
      9,
      9,
      9,
      9,
      9
    ],
    "uniqueId": 16
  }
]