[
  {
    "tags": {},
    "flags": 99,
    "cramFlags": 5,
    "sequenceId": 0,
    "readLength": 5,
    "alignmentStart": 1,
    "readGroupId": -1,
    "readName": "x1",
    "lengthOnRef": 5,
    "mappingQuality": 1,
    "qualityScores": [
      9,
      9,
      9,
      9,
      9
    ],
    "uniqueId": 0,
    "mate": {
      "sequenceId": 0,
      "alignmentStart": 16,
      "readName": "x1"
    },
    "templateLength": 20
  },
  {
    "tags": {},
    "flags": 147,
    "cramFlags": 1,
    "sequenceId": 0,
    "readLength": 5,
    "alignmentStart": 16,
    "readGroupId": -1,
    "readName": "x1",
    "lengthOnRef": 5,
    "mappingQuality": 1,
    "qualityScores": [
      9,
      9,
      9,
      9,
      9
    ],
    "uniqueId": 1,
    "mate": {
      "sequenceId": 0,
      "alignmentStart": 1,
      "readName": "x1"
    },
    "templateLength": 20
  },
  {
    "tags": {},
    "flags": 99,
    "cramFlags": 5,
    "sequenceId": 0,
    "readLength": 5,
    "alignmentStart": 7,
    "readGroupId": -1,
    "readName": "x2",
    "lengthOnRef": 5,
    "mappingQuality": 1,
    "qualityScores": [
      9,
      9,
      9,
      9,
      9
    ],
    "uniqueId": 2,
    "mate": {
      "sequenceId": 0,
      "alignmentStart": 10,
      "readName": "x2"
    },
    "templateLength": 8
  },
  {
    "tags": {},
    "flags": 147,
    "cramFlags": 1,
    "sequenceId": 0,
    "readLength": 5,
    "alignmentStart": 10,
    "readGroupId": -1,
    "readName": "x2",
    "lengthOnRef": 5,
    "mappingQuality": 1,
    "qualityScores": [
      9,
      9,
      9,
      9,
      9
    ],
    "uniqueId": 3,
    "mate": {
      "sequenceId": 0,
      "alignmentStart": 7,
      "readName": "x2"
    },
    "templateLength": 8
  },
  {
    "tags": {},
    "flags": 147,
    "cramFlags": 5,
    "sequenceId": 0,
    "readLength": 5,
    "alignmentStart": 7,
    "readGroupId": -1,
    "readName": "x3",
    "lengthOnRef": 5,
    "mappingQuality": 1,
    "qualityScores": [
      9,
      9,
      9,
      9,
      9
    ],
    "uniqueId": 4,
    "mate": {
      "sequenceId": 0,
      "alignmentStart": 10,
      "readName": "x3"
    },
    "templateLength": 8
  },
  {
    "tags": {},
    "flags": 99,
    "cramFlags": 1,
    "sequenceId": 0,
    "readLength": 5,
    "alignmentStart": 10,
    "readGroupId": -1,
    "readName": "x3",
    "lengthOnRef": 5,
    "mappingQuality": 1,
    "qualityScores": [
      9,
      9,
      9,
      9,
      9
    ],
    "uniqueId": 5,
    "mate": {
      "sequenceId": 0,
      "alignmentStart": 7,
      "readName": "x3"
    },
    "templateLength": 8
  },
  {
    "tags": {},
    "flags": 147,
    "cramFlags": 3,
    "sequenceId": 0,
    "readLength": 5,
    "alignmentStart": 1,
    "readGroupId": -1,
    "readName": "x4",
    "mate": {
      "flags": 0,
      "sequenceId": 0,
      "alignmentStart": 16
    },
    "templateSize": 20,
    "lengthOnRef": 5,
    "mappingQuality": 1,
    "qualityScores": [
      9,
      9,
      9,
      9,
      9
    ],
    "uniqueId": 6
  },
  {
    "tags": {},
    "flags": 99,
    "cramFlags": 3,
    "sequenceId": 0,
    "readLength": 5,
    "alignmentStart": 16,
    "readGroupId": -1,
    "readName": "x4",
    "mate": {
      "flags": 1,
      "sequenceId": 0,
      "alignmentStart": 1
    },
    "templateSize": -20,
    "lengthOnRef": 5,
    "mappingQuality": 1,
    "qualityScores": [
      9,
      9,
      9,
      9,
      9
    ],
    "uniqueId": 7
  }
]