[
  {
    "tags": {},
    "flags": 147,
    "cramFlags": 5,
    "sequenceId": 0,
    "readLength": 10,
    "alignmentStart": 11,
    "readGroupId": -1,
    "readName": "a1",
    "lengthOnRef": 10,
    "mappingQuality": 1,
    "qualityScores": [
      9,
      9,
      9,
      9,
      9,
      9,
      9,
      9,
      9,
      9
    ],
    "uniqueId": 2,
    "mate": {
      "sequenceId": 0,
      "alignmentStart": 1,
      "uniqueId": 3,
      "readName": "a1"
    },
    "templateLength": 20
  },
  {
    "tags": {},
    "flags": 99,
    "cramFlags": 1,
    "sequenceId": 0,
    "readLength": 10,
    "alignmentStart": 1,
    "readGroupId": -1,
    "readName": "a1",
    "lengthOnRef": 10,
    "mappingQuality": 1,
    "qualityScores": [
      9,
      9,
      9,
      9,
      9,
      9,
      9,
      9,
      9,
      9
    ],
    "uniqueId": 3,
    "mate": {
      "sequenceId": 0,
      "alignmentStart": 11,
      "uniqueId": 2,
      "readName": "a1"
    },
    "templateLength": 20
  },
  {
    "tags": {},
    "flags": 99,
    "cramFlags": 5,
    "sequenceId": 0,
    "readLength": 10,
    "alignmentStart": 1,
    "readGroupId": -1,
    "readName": "c1",
    "lengthOnRef": 10,
    "mappingQuality": 1,
    "qualityScores": [
      9,
      9,
      9,
      9,
      9,
      9,
      9,
      9,
      9,
      9
    ],
    "uniqueId": 5,
    "mate": {
      "sequenceId": 0,
      "alignmentStart": 11,
      "uniqueId": 6,
      "readName": "c1"
    },
    "templateLength": 20
  },
  {
    "tags": {},
    "flags": 147,
    "cramFlags": 1,
    "sequenceId": 0,
    "readLength": 10,
    "alignmentStart": 11,
    "readGroupId": -1,
    "readName": "c1",
    "lengthOnRef": 10,
    "mappingQuality": 1,
    "qualityScores": [
      9,
      9,
      9,
      9,
      9,
      9,
      9,
      9,
      9,
      9
    ],
    "uniqueId": 6,
    "mate": {
      "sequenceId": 0,
      "alignmentStart": 1,
      "uniqueId": 5,
      "readName": "c1"
    },
    "templateLength": 20
  }
]